js_client_2   | [js_client_2][PUBSUB_RECV] {"channel":"devops","message":"Bot dave_js reportando atividade distribuída em devops","sent_timestamp":"2026-04-08T22:29:45Z","received_timestamp":"2026-04-08T22:29:45.124Z","username":"dave_js","server_id":"py_server_1","publication_id":"29fe8b89-701b-4bb1-9292-64fd27a6cd8c"}
broker        | [BROKER][SEND][js_server_1] {"origin": "broker", "original_request_id": "29fe8b89-701b-4bb1-9292-64fd27a6cd8c", "publication": {"channel": "devops", "client_timestamp": "2026-04-08T22:29:45.116Z", "message": "Bot dave_js reportando atividade distribuída em devops", "origin": "js_client_2", "publication_id": "29fe8b89-701b-4bb1-9292-64fd27a6cd8c", "server_id": "py_server_1", "timestamp": "2026-04-08T22:29:45Z", "type": "CHANNEL_MESSAGE", "username": "dave_js"}, "request_id": "c2c34aa4-83be-42cf-adca-f17a38312694", "timestamp": "2026-04-08T22:29:45Z", "type": "SYNC_PUBLICATION"}
broker        | [BROKER][SEND][js_server_2] {"origin": "broker", "original_request_id": "29fe8b89-701b-4bb1-9292-64fd27a6cd8c", "publication": {"channel": "devops", "client_timestamp": "2026-04-08T22:29:45.116Z", "message": "Bot dave_js reportando atividade distribuída em devops", "origin": "js_client_2", "publication_id": "29fe8b89-701b-4bb1-9292-64fd27a6cd8c", "server_id": "py_server_1", "timestamp": "2026-04-08T22:29:45Z", "type": "CHANNEL_MESSAGE", "username": "dave_js"}, "request_id": "c2c34aa4-83be-42cf-adca-f17a38312694", "timestamp": "2026-04-08T22:29:45Z", "type": "SYNC_PUBLICATION"}
broker        | [BROKER][SEND][py_server_2] {"origin": "broker", "original_request_id": "29fe8b89-701b-4bb1-9292-64fd27a6cd8c", "publication": {"channel": "devops", "client_timestamp": "2026-04-08T22:29:45.116Z", "message": "Bot dave_js reportando atividade distribuída em devops", "origin": "js_client_2", "publication_id": "29fe8b89-701b-4bb1-9292-64fd27a6cd8c", "server_id": "py_server_1", "timestamp": "2026-04-08T22:29:45Z", "type": "CHANNEL_MESSAGE", "username": "dave_js"}, "request_id": "c2c34aa4-83be-42cf-adca-f17a38312694", "timestamp": "2026-04-08T22:29:45Z", "type": "SYNC_PUBLICATION"}
js_server_1   | [js_server_1][RECV] {"type":"SYNC_PUBLICATION","request_id":"c2c34aa4-83be-42cf-adca-f17a38312694","timestamp":"2026-04-08T22:29:45Z","origin":"broker","publication":{"type":"CHANNEL_MESSAGE","publication_id":"29fe8b89-701b-4bb1-9292-64fd27a6cd8c","channel":"devops","message":"Bot dave_js reportando atividade distribuída em devops","username":"dave_js","origin":"js_client_2","timestamp":"2026-04-08T22:29:45Z","client_timestamp":"2026-04-08T22:29:45.116Z","server_id":"py_server_1"},"original_request_id":"29fe8b89-701b-4bb1-9292-64fd27a6cd8c"}
js_server_2   | [js_server_2][RECV] {"type":"SYNC_PUBLICATION","request_id":"c2c34aa4-83be-42cf-adca-f17a38312694","timestamp":"2026-04-08T22:29:45Z","origin":"broker","publication":{"type":"CHANNEL_MESSAGE","publication_id":"29fe8b89-701b-4bb1-9292-64fd27a6cd8c","channel":"devops","message":"Bot dave_js reportando atividade distribuída em devops","username":"dave_js","origin":"js_client_2","timestamp":"2026-04-08T22:29:45Z","client_timestamp":"2026-04-08T22:29:45.116Z","server_id":"py_server_1"},"original_request_id":"29fe8b89-701b-4bb1-9292-64fd27a6cd8c"}
js_client_1   | [js_client_1][PUBSUB_RECV] {"channel":"devops","message":"Bot dave_js reportando atividade distribuída em devops","sent_timestamp":"2026-04-08T22:29:45Z","received_timestamp":"2026-04-08T22:29:45.124Z","username":"dave_js","server_id":"py_server_1","publication_id":"29fe8b89-701b-4bb1-9292-64fd27a6cd8c"}
js_server_1   | [js_server_1][SEND] {"type":"SERVER_RESULT","request_id":"c2c34aa4-83be-42cf-adca-f17a38312694","timestamp":"2026-04-08T22:29:45.125Z","status":"OK","server_id":"js_server_1","request_type":"SYNC_PUBLICATION","publication_id":"29fe8b89-701b-4bb1-9292-64fd27a6cd8c"}
broker        | [BROKER][RECV][js_server_1] {"publication_id": "29fe8b89-701b-4bb1-9292-64fd27a6cd8c", "request_id": "c2c34aa4-83be-42cf-adca-f17a38312694", "request_type": "SYNC_PUBLICATION", "server_id": "js_server_1", "status": "OK", "timestamp": "2026-04-08T22:29:45.125Z", "type": "SERVER_RESULT"}
py_server_2   | [py_server_2][RECV] {"origin": "broker", "original_request_id": "29fe8b89-701b-4bb1-9292-64fd27a6cd8c", "publication": {"channel": "devops", "client_timestamp": "2026-04-08T22:29:45.116Z", "message": "Bot dave_js reportando atividade distribuída em devops", "origin": "js_client_2", "publication_id": "29fe8b89-701b-4bb1-9292-64fd27a6cd8c", "server_id": "py_server_1", "timestamp": "2026-04-08T22:29:45Z", "type": "CHANNEL_MESSAGE", "username": "dave_js"}, "request_id": "c2c34aa4-83be-42cf-adca-f17a38312694", "timestamp": "2026-04-08T22:29:45Z", "type": "SYNC_PUBLICATION"}
js_server_2   | [js_server_2][SEND] {"type":"SERVER_RESULT","request_id":"c2c34aa4-83be-42cf-adca-f17a38312694","timestamp":"2026-04-08T22:29:45.127Z","status":"OK","server_id":"js_server_2","request_type":"SYNC_PUBLICATION","publication_id":"29fe8b89-701b-4bb1-9292-64fd27a6cd8c"}
broker        | [BROKER][RECV][js_server_2] {"publication_id": "29fe8b89-701b-4bb1-9292-64fd27a6cd8c", "request_id": "c2c34aa4-83be-42cf-adca-f17a38312694", "request_type": "SYNC_PUBLICATION", "server_id": "js_server_2", "status": "OK", "timestamp": "2026-04-08T22:29:45.127Z", "type": "SERVER_RESULT"}
py_server_2   | [py_server_2][SEND] {"publication_id": "29fe8b89-701b-4bb1-9292-64fd27a6cd8c", "request_id": "c2c34aa4-83be-42cf-adca-f17a38312694", "request_type": "SYNC_PUBLICATION", "server_id": "py_server_2", "status": "OK", "timestamp": "2026-04-08T22:29:45Z", "type": "SERVER_RESULT"}
broker        | [BROKER][RECV][py_server_2] {"publication_id": "29fe8b89-701b-4bb1-9292-64fd27a6cd8c", "request_id": "c2c34aa4-83be-42cf-adca-f17a38312694", "request_type": "SYNC_PUBLICATION", "server_id": "py_server_2", "status": "OK", "timestamp": "2026-04-08T22:29:45Z", "type": "SERVER_RESULT"}
broker        | [BROKER][SEND][ kEj] {"channel": "devops", "message": "Bot dave_js reportando atividade distribuída em devops", "publication": {"channel": "devops", "client_timestamp": "2026-04-08T22:29:45.116Z", "message": "Bot dave_js reportando atividade distribuída em devops", "origin": "js_client_2", "publication_id": "29fe8b89-701b-4bb1-9292-64fd27a6cd8c", "server_id": "py_server_1", "timestamp": "2026-04-08T22:29:45Z", "type": "CHANNEL_MESSAGE", "username": "dave_js"}, "replicated_servers": ["js_server_1", "js_server_2", "py_server_1", "py_server_2"], "request_id": "29fe8b89-701b-4bb1-9292-64fd27a6cd8c", "request_type": "PUBLISH_MESSAGE", "server_id": "py_server_1", "status": "OK", "timestamp": "2026-04-08T22:29:45Z", "type": "BROKER_REPLY"}
js_client_2   | [js_client_2][RECV] {"type":"BROKER_REPLY","request_id":"29fe8b89-701b-4bb1-9292-64fd27a6cd8c","timestamp":"2026-04-08T22:29:45Z","status":"OK","request_type":"PUBLISH_MESSAGE","channel":"devops","message":"Bot dave_js reportando atividade distribuída em devops","server_id":"py_server_1","publication":{"type":"CHANNEL_MESSAGE","publication_id":"29fe8b89-701b-4bb1-9292-64fd27a6cd8c","channel":"devops","message":"Bot dave_js reportando atividade distribuída em devops","username":"dave_js","origin":"js_client_2","timestamp":"2026-04-08T22:29:45Z","client_timestamp":"2026-04-08T22:29:45.116Z","server_id":"py_server_1"},"replicated_servers":["js_server_1","js_server_2","py_server_1","py_server_2"]}
py_client_2   | [py_client_2][SEND] {"origin": "py_client_2", "request_id": "45130506-9253-4c47-8ab4-c05c46382bb0", "timestamp": "2026-04-08T22:29:45Z", "type": "LIST_CHANNELS", "username": "bob_py"}
broker        | [BROKER][RECV][ kEh] {"origin": "py_client_2", "request_id": "45130506-9253-4c47-8ab4-c05c46382bb0", "timestamp": "2026-04-08T22:29:45Z", "type": "LIST_CHANNELS", "username": "bob_py"}
broker        | [BROKER][SEND][py_server_2] {"origin": "py_client_2", "request_id": "45130506-9253-4c47-8ab4-c05c46382bb0", "timestamp": "2026-04-08T22:29:45Z", "type": "LIST_CHANNELS", "username": "bob_py"}
py_server_2   | [py_server_2][RECV] {"origin": "py_client_2", "request_id": "45130506-9253-4c47-8ab4-c05c46382bb0", "timestamp": "2026-04-08T22:29:45Z", "type": "LIST_CHANNELS", "username": "bob_py"}
py_server_2   | [py_server_2][SEND] {"channels": ["analytics", "backend", "devops", "frontend", "geral"], "request_id": "45130506-9253-4c47-8ab4-c05c46382bb0", "request_type": "LIST_CHANNELS", "server_id": "py_server_2", "status": "OK", "timestamp": "2026-04-08T22:29:45Z", "type": "SERVER_RESULT"}
broker        | [BROKER][RECV][py_server_2] {"channels": ["analytics", "backend", "devops", "frontend", "geral"], "request_id": "45130506-9253-4c47-8ab4-c05c46382bb0", "request_type": "LIST_CHANNELS", "server_id": "py_server_2", "status": "OK", "timestamp": "2026-04-08T22:29:45Z", "type": "SERVER_RESULT"}
broker        | [BROKER][SEND][ kEh] {"channels": ["analytics", "backend", "devops", "frontend", "geral"], "request_id": "45130506-9253-4c47-8ab4-c05c46382bb0", "request_type": "LIST_CHANNELS", "server_id": "py_server_2", "status": "OK", "timestamp": "2026-04-08T22:29:45Z", "type": "BROKER_REPLY"}
py_client_2   | [py_client_2][RECV] {"channels": ["analytics", "backend", "devops", "frontend", "geral"], "request_id": "45130506-9253-4c47-8ab4-c05c46382bb0", "request_type": "LIST_CHANNELS", "server_id": "py_server_2", "status": "OK", "timestamp": "2026-04-08T22:29:45Z", "type": "BROKER_REPLY"}
py_client_1   | [py_client_1][SEND] {"channel": "analytics", "message": "Heartbeat do bot alice_py no canal analytics", "origin": "py_client_1", "request_id": "c944f59a-4a2d-4e6c-9c84-66b80352d992", "timestamp": "2026-04-08T22:29:45Z", "type": "PUBLISH_MESSAGE", "username": "alice_py"}
broker        | [BROKER][RECV][ kEg] {"channel": "analytics", "message": "Heartbeat do bot alice_py no canal analytics", "origin": "py_client_1", "request_id": "c944f59a-4a2d-4e6c-9c84-66b80352d992", "timestamp": "2026-04-08T22:29:45Z", "type": "PUBLISH_MESSAGE", "username": "alice_py"}
broker        | [BROKER][SEND][js_server_1] {"channel": "analytics", "message": "Heartbeat do bot alice_py no canal analytics", "origin": "py_client_1", "request_id": "c944f59a-4a2d-4e6c-9c84-66b80352d992", "timestamp": "2026-04-08T22:29:45Z", "type": "PUBLISH_MESSAGE", "username": "alice_py"}
js_server_1   | [js_server_1][RECV] {"type":"PUBLISH_MESSAGE","request_id":"c944f59a-4a2d-4e6c-9c84-66b80352d992","timestamp":"2026-04-08T22:29:45Z","origin":"py_client_1","username":"alice_py","channel":"analytics","message":"Heartbeat do bot alice_py no canal analytics"}
py_client_2   | [py_client_2][SEND] {"channel": "frontend", "message": "Atualização do canal frontend enviada por bob_py", "origin": "py_client_2", "request_id": "42f6da15-f74b-48f5-8111-60003b029d53", "timestamp": "2026-04-08T22:29:45Z", "type": "PUBLISH_MESSAGE", "username": "bob_py"}
js_server_1   | [js_server_1][PUB] {"type":"CHANNEL_MESSAGE","publication_id":"c944f59a-4a2d-4e6c-9c84-66b80352d992","channel":"analytics","message":"Heartbeat do bot alice_py no canal analytics","username":"alice_py","origin":"py_client_1","timestamp":"2026-04-08T22:29:45.671Z","client_timestamp":"2026-04-08T22:29:45Z","server_id":"js_server_1"}
js_server_1   | [js_server_1][SEND] {"type":"SERVER_RESULT","request_id":"c944f59a-4a2d-4e6c-9c84-66b80352d992","timestamp":"2026-04-08T22:29:45.672Z","status":"OK","server_id":"js_server_1","request_type":"PUBLISH_MESSAGE","channel":"analytics","message":"Heartbeat do bot alice_py no canal analytics","publication":{"type":"CHANNEL_MESSAGE","publication_id":"c944f59a-4a2d-4e6c-9c84-66b80352d992","channel":"analytics","message":"Heartbeat do bot alice_py no canal analytics","username":"alice_py","origin":"py_client_1","timestamp":"2026-04-08T22:29:45.671Z","client_timestamp":"2026-04-08T22:29:45Z","server_id":"js_server_1"}}
broker        | [BROKER][RECV][js_server_1] {"channel": "analytics", "message": "Heartbeat do bot alice_py no canal analytics", "publication": {"channel": "analytics", "client_timestamp": "2026-04-08T22:29:45Z", "message": "Heartbeat do bot alice_py no canal analytics", "origin": "py_client_1", "publication_id": "c944f59a-4a2d-4e6c-9c84-66b80352d992", "server_id": "js_server_1", "timestamp": "2026-04-08T22:29:45.671Z", "type": "CHANNEL_MESSAGE", "username": "alice_py"}, "request_id": "c944f59a-4a2d-4e6c-9c84-66b80352d992", "request_type": "PUBLISH_MESSAGE", "server_id": "js_server_1", "status": "OK", "timestamp": "2026-04-08T22:29:45.672Z", "type": "SERVER_RESULT"}
broker        | [BROKER][SEND][js_server_2] {"origin": "broker", "original_request_id": "c944f59a-4a2d-4e6c-9c84-66b80352d992", "publication": {"channel": "analytics", "client_timestamp": "2026-04-08T22:29:45Z", "message": "Heartbeat do bot alice_py no canal analytics", "origin": "py_client_1", "publication_id": "c944f59a-4a2d-4e6c-9c84-66b80352d992", "server_id": "js_server_1", "timestamp": "2026-04-08T22:29:45.671Z", "type": "CHANNEL_MESSAGE", "username": "alice_py"}, "request_id": "a10e3dae-cc22-446b-a7b1-53cb4786882f", "timestamp": "2026-04-08T22:29:45Z", "type": "SYNC_PUBLICATION"}
js_client_2   | [js_client_2][PUBSUB_RECV] {"channel":"analytics","message":"Heartbeat do bot alice_py no canal analytics","sent_timestamp":"2026-04-08T22:29:45.671Z","received_timestamp":"2026-04-08T22:29:45.673Z","username":"alice_py","server_id":"js_server_1","publication_id":"c944f59a-4a2d-4e6c-9c84-66b80352d992"}
broker        | [BROKER][SEND][py_server_1] {"origin": "broker", "original_request_id": "c944f59a-4a2d-4e6c-9c84-66b80352d992", "publication": {"channel": "analytics", "client_timestamp": "2026-04-08T22:29:45Z", "message": "Heartbeat do bot alice_py no canal analytics", "origin": "py_client_1", "publication_id": "c944f59a-4a2d-4e6c-9c84-66b80352d992", "server_id": "js_server_1", "timestamp": "2026-04-08T22:29:45.671Z", "type": "CHANNEL_MESSAGE", "username": "alice_py"}, "request_id": "a10e3dae-cc22-446b-a7b1-53cb4786882f", "timestamp": "2026-04-08T22:29:45Z", "type": "SYNC_PUBLICATION"}
broker        | [BROKER][SEND][py_server_2] {"origin": "broker", "original_request_id": "c944f59a-4a2d-4e6c-9c84-66b80352d992", "publication": {"channel": "analytics", "client_timestamp": "2026-04-08T22:29:45Z", "message": "Heartbeat do bot alice_py no canal analytics", "origin": "py_client_1", "publication_id": "c944f59a-4a2d-4e6c-9c84-66b80352d992", "server_id": "js_server_1", "timestamp": "2026-04-08T22:29:45.671Z", "type": "CHANNEL_MESSAGE", "username": "alice_py"}, "request_id": "a10e3dae-cc22-446b-a7b1-53cb4786882f", "timestamp": "2026-04-08T22:29:45Z", "type": "SYNC_PUBLICATION"}
py_server_1   | [py_server_1][RECV] {"origin": "broker", "original_request_id": "c944f59a-4a2d-4e6c-9c84-66b80352d992", "publication": {"channel": "analytics", "client_timestamp": "2026-04-08T22:29:45Z", "message": "Heartbeat do bot alice_py no canal analytics", "origin": "py_client_1", "publication_id": "c944f59a-4a2d-4e6c-9c84-66b80352d992", "server_id": "js_server_1", "timestamp": "2026-04-08T22:29:45.671Z", "type": "CHANNEL_MESSAGE", "username": "alice_py"}, "request_id": "a10e3dae-cc22-446b-a7b1-53cb4786882f", "timestamp": "2026-04-08T22:29:45Z", "type": "SYNC_PUBLICATION"}
js_server_2   | [js_server_2][RECV] {"type":"SYNC_PUBLICATION","request_id":"a10e3dae-cc22-446b-a7b1-53cb4786882f","timestamp":"2026-04-08T22:29:45Z","origin":"broker","publication":{"type":"CHANNEL_MESSAGE","publication_id":"c944f59a-4a2d-4e6c-9c84-66b80352d992","channel":"analytics","message":"Heartbeat do bot alice_py no canal analytics","username":"alice_py","origin":"py_client_1","timestamp":"2026-04-08T22:29:45.671Z","client_timestamp":"2026-04-08T22:29:45Z","server_id":"js_server_1"},"original_request_id":"c944f59a-4a2d-4e6c-9c84-66b80352d992"}
py_server_2   | [py_server_2][RECV] {"origin": "broker", "original_request_id": "c944f59a-4a2d-4e6c-9c84-66b80352d992", "publication": {"channel": "analytics", "client_timestamp": "2026-04-08T22:29:45Z", "message": "Heartbeat do bot alice_py no canal analytics", "origin": "py_client_1", "publication_id": "c944f59a-4a2d-4e6c-9c84-66b80352d992", "server_id": "js_server_1", "timestamp": "2026-04-08T22:29:45.671Z", "type": "CHANNEL_MESSAGE", "username": "alice_py"}, "request_id": "a10e3dae-cc22-446b-a7b1-53cb4786882f", "timestamp": "2026-04-08T22:29:45Z", "type": "SYNC_PUBLICATION"}
js_server_2   | [js_server_2][SEND] {"type":"SERVER_RESULT","request_id":"a10e3dae-cc22-446b-a7b1-53cb4786882f","timestamp":"2026-04-08T22:29:45.676Z","status":"OK","server_id":"js_server_2","request_type":"SYNC_PUBLICATION","publication_id":"c944f59a-4a2d-4e6c-9c84-66b80352d992"}
broker        | [BROKER][RECV][js_server_2] {"publication_id": "c944f59a-4a2d-4e6c-9c84-66b80352d992", "request_id": "a10e3dae-cc22-446b-a7b1-53cb4786882f", "request_type": "SYNC_PUBLICATION", "server_id": "js_server_2", "status": "OK", "timestamp": "2026-04-08T22:29:45.676Z", "type": "SERVER_RESULT"}
py_server_2   | [py_server_2][SEND] {"publication_id": "c944f59a-4a2d-4e6c-9c84-66b80352d992", "request_id": "a10e3dae-cc22-446b-a7b1-53cb4786882f", "request_type": "SYNC_PUBLICATION", "server_id": "py_server_2", "status": "OK", "timestamp": "2026-04-08T22:29:45Z", "type": "SERVER_RESULT"}
py_server_1   | [py_server_1][SEND] {"publication_id": "c944f59a-4a2d-4e6c-9c84-66b80352d992", "request_id": "a10e3dae-cc22-446b-a7b1-53cb4786882f", "request_type": "SYNC_PUBLICATION", "server_id": "py_server_1", "status": "OK", "timestamp": "2026-04-08T22:29:45Z", "type": "SERVER_RESULT"}
broker        | [BROKER][RECV][py_server_2] {"publication_id": "c944f59a-4a2d-4e6c-9c84-66b80352d992", "request_id": "a10e3dae-cc22-446b-a7b1-53cb4786882f", "request_type": "SYNC_PUBLICATION", "server_id": "py_server_2", "status": "OK", "timestamp": "2026-04-08T22:29:45Z", "type": "SERVER_RESULT"}
broker        | [BROKER][RECV][py_server_1] {"publication_id": "c944f59a-4a2d-4e6c-9c84-66b80352d992", "request_id": "a10e3dae-cc22-446b-a7b1-53cb4786882f", "request_type": "SYNC_PUBLICATION", "server_id": "py_server_1", "status": "OK", "timestamp": "2026-04-08T22:29:45Z", "type": "SERVER_RESULT"}
broker        | [BROKER][SEND][ kEg] {"channel": "analytics", "message": "Heartbeat do bot alice_py no canal analytics", "publication": {"channel": "analytics", "client_timestamp": "2026-04-08T22:29:45Z", "message": "Heartbeat do bot alice_py no canal analytics", "origin": "py_client_1", "publication_id": "c944f59a-4a2d-4e6c-9c84-66b80352d992", "server_id": "js_server_1", "timestamp": "2026-04-08T22:29:45.671Z", "type": "CHANNEL_MESSAGE", "username": "alice_py"}, "replicated_servers": ["js_server_1", "js_server_2", "py_server_1", "py_server_2"], "request_id": "c944f59a-4a2d-4e6c-9c84-66b80352d992", "request_type": "PUBLISH_MESSAGE", "server_id": "js_server_1", "status": "OK", "timestamp": "2026-04-08T22:29:45Z", "type": "BROKER_REPLY"}
broker        | [BROKER][RECV][ kEh] {"channel": "frontend", "message": "Atualização do canal frontend enviada por bob_py", "origin": "py_client_2", "request_id": "42f6da15-f74b-48f5-8111-60003b029d53", "timestamp": "2026-04-08T22:29:45Z", "type": "PUBLISH_MESSAGE", "username": "bob_py"}
broker        | [BROKER][SEND][js_server_2] {"channel": "frontend", "message": "Atualização do canal frontend enviada por bob_py", "origin": "py_client_2", "request_id": "42f6da15-f74b-48f5-8111-60003b029d53", "timestamp": "2026-04-08T22:29:45Z", "type": "PUBLISH_MESSAGE", "username": "bob_py"}
py_client_1   | [py_client_1][RECV] {"channel": "analytics", "message": "Heartbeat do bot alice_py no canal analytics", "publication": {"channel": "analytics", "client_timestamp": "2026-04-08T22:29:45Z", "message": "Heartbeat do bot alice_py no canal analytics", "origin": "py_client_1", "publication_id": "c944f59a-4a2d-4e6c-9c84-66b80352d992", "server_id": "js_server_1", "timestamp": "2026-04-08T22:29:45.671Z", "type": "CHANNEL_MESSAGE", "username": "alice_py"}, "replicated_servers": ["js_server_1", "js_server_2", "py_server_1", "py_server_2"], "request_id": "c944f59a-4a2d-4e6c-9c84-66b80352d992", "request_type": "PUBLISH_MESSAGE", "server_id": "js_server_1", "status": "OK", "timestamp": "2026-04-08T22:29:45Z", "type": "BROKER_REPLY"}
js_server_2   | [js_server_2][RECV] {"type":"PUBLISH_MESSAGE","request_id":"42f6da15-f74b-48f5-8111-60003b029d53","timestamp":"2026-04-08T22:29:45Z","origin":"py_client_2","username":"bob_py","channel":"frontend","message":"Atualização do canal frontend enviada por bob_py"}
js_server_2   | [js_server_2][PUB] {"type":"CHANNEL_MESSAGE","publication_id":"42f6da15-f74b-48f5-8111-60003b029d53","channel":"frontend","message":"Atualização do canal frontend enviada por bob_py","username":"bob_py","origin":"py_client_2","timestamp":"2026-04-08T22:29:45.680Z","client_timestamp":"2026-04-08T22:29:45Z","server_id":"js_server_2"}
js_server_2   | [js_server_2][SEND] {"type":"SERVER_RESULT","request_id":"42f6da15-f74b-48f5-8111-60003b029d53","timestamp":"2026-04-08T22:29:45.681Z","status":"OK","server_id":"js_server_2","request_type":"PUBLISH_MESSAGE","channel":"frontend","message":"Atualização do canal frontend enviada por bob_py","publication":{"type":"CHANNEL_MESSAGE","publication_id":"42f6da15-f74b-48f5-8111-60003b029d53","channel":"frontend","message":"Atualização do canal frontend enviada por bob_py","username":"bob_py","origin":"py_client_2","timestamp":"2026-04-08T22:29:45.680Z","client_timestamp":"2026-04-08T22:29:45Z","server_id":"js_server_2"}}
py_client_2   | [py_client_2][PUBSUB_RECV] {"channel": "frontend", "message": "Atualização do canal frontend enviada por bob_py", "publication_id": "42f6da15-f74b-48f5-8111-60003b029d53", "received_timestamp": "2026-04-08T22:29:45Z", "sent_timestamp": "2026-04-08T22:29:45.680Z", "server_id": "js_server_2", "username": "bob_py"}
py_client_1   | [py_client_1][PUBSUB_RECV] {"channel": "frontend", "message": "Atualização do canal frontend enviada por bob_py", "publication_id": "42f6da15-f74b-48f5-8111-60003b029d53", "received_timestamp": "2026-04-08T22:29:45Z", "sent_timestamp": "2026-04-08T22:29:45.680Z", "server_id": "js_server_2", "username": "bob_py"}
broker        | [BROKER][RECV][js_server_2] {"channel": "frontend", "message": "Atualização do canal frontend enviada por bob_py", "publication": {"channel": "frontend", "client_timestamp": "2026-04-08T22:29:45Z", "message": "Atualização do canal frontend enviada por bob_py", "origin": "py_client_2", "publication_id": "42f6da15-f74b-48f5-8111-60003b029d53", "server_id": "js_server_2", "timestamp": "2026-04-08T22:29:45.680Z", "type": "CHANNEL_MESSAGE", "username": "bob_py"}, "request_id": "42f6da15-f74b-48f5-8111-60003b029d53", "request_type": "PUBLISH_MESSAGE", "server_id": "js_server_2", "status": "OK", "timestamp": "2026-04-08T22:29:45.681Z", "type": "SERVER_RESULT"}
broker        | [BROKER][SEND][js_server_1] {"origin": "broker", "original_request_id": "42f6da15-f74b-48f5-8111-60003b029d53", "publication": {"channel": "frontend", "client_timestamp": "2026-04-08T22:29:45Z", "message": "Atualização do canal frontend enviada por bob_py", "origin": "py_client_2", "publication_id": "42f6da15-f74b-48f5-8111-60003b029d53", "server_id": "js_server_2", "timestamp": "2026-04-08T22:29:45.680Z", "type": "CHANNEL_MESSAGE", "username": "bob_py"}, "request_id": "b568ab64-492f-4d81-a8d2-62b63769160e", "timestamp": "2026-04-08T22:29:45Z", "type": "SYNC_PUBLICATION"}
py_client_2   | [py_client_2][SUBSCRIBE] Inscrito no canal 'analytics'
js_server_1   | [js_server_1][RECV] {"type":"SYNC_PUBLICATION","request_id":"b568ab64-492f-4d81-a8d2-62b63769160e","timestamp":"2026-04-08T22:29:45Z","origin":"broker","publication":{"type":"CHANNEL_MESSAGE","publication_id":"42f6da15-f74b-48f5-8111-60003b029d53","channel":"frontend","message":"Atualização do canal frontend enviada por bob_py","username":"bob_py","origin":"py_client_2","timestamp":"2026-04-08T22:29:45.680Z","client_timestamp":"2026-04-08T22:29:45Z","server_id":"js_server_2"},"original_request_id":"42f6da15-f74b-48f5-8111-60003b029d53"}
broker        | [BROKER][SEND][py_server_1] {"origin": "broker", "original_request_id": "42f6da15-f74b-48f5-8111-60003b029d53", "publication": {"channel": "frontend", "client_timestamp": "2026-04-08T22:29:45Z", "message": "Atualização do canal frontend enviada por bob_py", "origin": "py_client_2", "publication_id": "42f6da15-f74b-48f5-8111-60003b029d53", "server_id": "js_server_2", "timestamp": "2026-04-08T22:29:45.680Z", "type": "CHANNEL_MESSAGE", "username": "bob_py"}, "request_id": "b568ab64-492f-4d81-a8d2-62b63769160e", "timestamp": "2026-04-08T22:29:45Z", "type": "SYNC_PUBLICATION"}
broker        | [BROKER][SEND][py_server_2] {"origin": "broker", "original_request_id": "42f6da15-f74b-48f5-8111-60003b029d53", "publication": {"channel": "frontend", "client_timestamp": "2026-04-08T22:29:45Z", "message": "Atualização do canal frontend enviada por bob_py", "origin": "py_client_2", "publication_id": "42f6da15-f74b-48f5-8111-60003b029d53", "server_id": "js_server_2", "timestamp": "2026-04-08T22:29:45.680Z", "type": "CHANNEL_MESSAGE", "username": "bob_py"}, "request_id": "b568ab64-492f-4d81-a8d2-62b63769160e", "timestamp": "2026-04-08T22:29:45Z", "type": "SYNC_PUBLICATION"}
py_server_2   | [py_server_2][RECV] {"origin": "broker", "original_request_id": "42f6da15-f74b-48f5-8111-60003b029d53", "publication": {"channel": "frontend", "client_timestamp": "2026-04-08T22:29:45Z", "message": "Atualização do canal frontend enviada por bob_py", "origin": "py_client_2", "publication_id": "42f6da15-f74b-48f5-8111-60003b029d53", "server_id": "js_server_2", "timestamp": "2026-04-08T22:29:45.680Z", "type": "CHANNEL_MESSAGE", "username": "bob_py"}, "request_id": "b568ab64-492f-4d81-a8d2-62b63769160e", "timestamp": "2026-04-08T22:29:45Z", "type": "SYNC_PUBLICATION"}
py_server_1   | [py_server_1][RECV] {"origin": "broker", "original_request_id": "42f6da15-f74b-48f5-8111-60003b029d53", "publication": {"channel": "frontend", "client_timestamp": "2026-04-08T22:29:45Z", "message": "Atualização do canal frontend enviada por bob_py", "origin": "py_client_2", "publication_id": "42f6da15-f74b-48f5-8111-60003b029d53", "server_id": "js_server_2", "timestamp": "2026-04-08T22:29:45.680Z", "type": "CHANNEL_MESSAGE", "username": "bob_py"}, "request_id": "b568ab64-492f-4d81-a8d2-62b63769160e", "timestamp": "2026-04-08T22:29:45Z", "type": "SYNC_PUBLICATION"}
js_server_1   | [js_server_1][SEND] {"type":"SERVER_RESULT","request_id":"b568ab64-492f-4d81-a8d2-62b63769160e","timestamp":"2026-04-08T22:29:45.684Z","status":"OK","server_id":"js_server_1","request_type":"SYNC_PUBLICATION","publication_id":"42f6da15-f74b-48f5-8111-60003b029d53"}
broker        | [BROKER][RECV][js_server_1] {"publication_id": "42f6da15-f74b-48f5-8111-60003b029d53", "request_id": "b568ab64-492f-4d81-a8d2-62b63769160e", "request_type": "SYNC_PUBLICATION", "server_id": "js_server_1", "status": "OK", "timestamp": "2026-04-08T22:29:45.684Z", "type": "SERVER_RESULT"}
py_server_2   | [py_server_2][SEND] {"publication_id": "42f6da15-f74b-48f5-8111-60003b029d53", "request_id": "b568ab64-492f-4d81-a8d2-62b63769160e", "request_type": "SYNC_PUBLICATION", "server_id": "py_server_2", "status": "OK", "timestamp": "2026-04-08T22:29:45Z", "type": "SERVER_RESULT"}
py_server_1   | [py_server_1][SEND] {"publication_id": "42f6da15-f74b-48f5-8111-60003b029d53", "request_id": "b568ab64-492f-4d81-a8d2-62b63769160e", "request_type": "SYNC_PUBLICATION", "server_id": "py_server_1", "status": "OK", "timestamp": "2026-04-08T22:29:45Z", "type": "SERVER_RESULT"}
broker        | [BROKER][RECV][py_server_2] {"publication_id": "42f6da15-f74b-48f5-8111-60003b029d53", "request_id": "b568ab64-492f-4d81-a8d2-62b63769160e", "request_type": "SYNC_PUBLICATION", "server_id": "py_server_2", "status": "OK", "timestamp": "2026-04-08T22:29:45Z", "type": "SERVER_RESULT"}
broker        | [BROKER][RECV][py_server_1] {"publication_id": "42f6da15-f74b-48f5-8111-60003b029d53", "request_id": "b568ab64-492f-4d81-a8d2-62b63769160e", "request_type": "SYNC_PUBLICATION", "server_id": "py_server_1", "status": "OK", "timestamp": "2026-04-08T22:29:45Z", "type": "SERVER_RESULT"}
broker        | [BROKER][SEND][ kEh] {"channel": "frontend", "message": "Atualização do canal frontend enviada por bob_py", "publication": {"channel": "frontend", "client_timestamp": "2026-04-08T22:29:45Z", "message": "Atualização do canal frontend enviada por bob_py", "origin": "py_client_2", "publication_id": "42f6da15-f74b-48f5-8111-60003b029d53", "server_id": "js_server_2", "timestamp": "2026-04-08T22:29:45.680Z", "type": "CHANNEL_MESSAGE", "username": "bob_py"}, "replicated_servers": ["js_server_1", "js_server_2", "py_server_1", "py_server_2"], "request_id": "42f6da15-f74b-48f5-8111-60003b029d53", "request_type": "PUBLISH_MESSAGE", "server_id": "js_server_2", "status": "OK", "timestamp": "2026-04-08T22:29:45Z", "type": "BROKER_REPLY"}
py_client_2   | [py_client_2][RECV] {"channel": "frontend", "message": "Atualização do canal frontend enviada por bob_py", "publication": {"channel": "frontend", "client_timestamp": "2026-04-08T22:29:45Z", "message": "Atualização do canal frontend enviada por bob_py", "origin": "py_client_2", "publication_id": "42f6da15-f74b-48f5-8111-60003b029d53", "server_id": "js_server_2", "timestamp": "2026-04-08T22:29:45.680Z", "type": "CHANNEL_MESSAGE", "username": "bob_py"}, "replicated_servers": ["js_server_1", "js_server_2", "py_server_1", "py_server_2"], "request_id": "42f6da15-f74b-48f5-8111-60003b029d53", "request_type": "PUBLISH_MESSAGE", "server_id": "js_server_2", "status": "OK", "timestamp": "2026-04-08T22:29:45Z", "type": "BROKER_REPLY"}
js_client_1   | [js_client_1][SEND] {"type":"PUBLISH_MESSAGE","request_id":"0a7277e3-59e6-4dee-b20c-eb10affc1e51","timestamp":"2026-04-08T22:29:46.121Z","origin":"js_client_1","username":"carol_js","channel":"geral","message":"Bot carol_js reportando atividade distribuída em geral"}
broker        | [BROKER][RECV][ kEi] {"channel": "geral", "message": "Bot carol_js reportando atividade distribuída em geral", "origin": "js_client_1", "request_id": "0a7277e3-59e6-4dee-b20c-eb10affc1e51", "timestamp": "2026-04-08T22:29:46.121Z", "type": "PUBLISH_MESSAGE", "username": "carol_js"}
broker        | [BROKER][SEND][py_server_1] {"channel": "geral", "message": "Bot carol_js reportando atividade distribuída em geral", "origin": "js_client_1", "request_id": "0a7277e3-59e6-4dee-b20c-eb10affc1e51", "timestamp": "2026-04-08T22:29:46.121Z", "type": "PUBLISH_MESSAGE", "username": "carol_js"}
py_server_1   | [py_server_1][RECV] {"channel": "geral", "message": "Bot carol_js reportando atividade distribuída em geral", "origin": "js_client_1", "request_id": "0a7277e3-59e6-4dee-b20c-eb10affc1e51", "timestamp": "2026-04-08T22:29:46.121Z", "type": "PUBLISH_MESSAGE", "username": "carol_js"}
py_server_1   | [py_server_1][PUB] {"channel": "geral", "client_timestamp": "2026-04-08T22:29:46.121Z", "message": "Bot carol_js reportando atividade distribuída em geral", "origin": "js_client_1", "publication_id": "0a7277e3-59e6-4dee-b20c-eb10affc1e51", "server_id": "py_server_1", "timestamp": "2026-04-08T22:29:46Z", "type": "CHANNEL_MESSAGE", "username": "carol_js"}
py_server_1   | [py_server_1][SEND] {"channel": "geral", "message": "Bot carol_js reportando atividade distribuída em geral", "publication": {"channel": "geral", "client_timestamp": "2026-04-08T22:29:46.121Z", "message": "Bot carol_js reportando atividade distribuída em geral", "origin": "js_client_1", "publication_id": "0a7277e3-59e6-4dee-b20c-eb10affc1e51", "server_id": "py_server_1", "timestamp": "2026-04-08T22:29:46Z", "type": "CHANNEL_MESSAGE", "username": "carol_js"}, "request_id": "0a7277e3-59e6-4dee-b20c-eb10affc1e51", "request_type": "PUBLISH_MESSAGE", "server_id": "py_server_1", "status": "OK", "timestamp": "2026-04-08T22:29:46Z", "type": "SERVER_RESULT"}
py_client_1   | [py_client_1][PUBSUB_RECV] {"channel": "geral", "message": "Bot carol_js reportando atividade distribuída em geral", "publication_id": "0a7277e3-59e6-4dee-b20c-eb10affc1e51", "received_timestamp": "2026-04-08T22:29:46Z", "sent_timestamp": "2026-04-08T22:29:46Z", "server_id": "py_server_1", "username": "carol_js"}
broker        | [BROKER][RECV][py_server_1] {"channel": "geral", "message": "Bot carol_js reportando atividade distribuída em geral", "publication": {"channel": "geral", "client_timestamp": "2026-04-08T22:29:46.121Z", "message": "Bot carol_js reportando atividade distribuída em geral", "origin": "js_client_1", "publication_id": "0a7277e3-59e6-4dee-b20c-eb10affc1e51", "server_id": "py_server_1", "timestamp": "2026-04-08T22:29:46Z", "type": "CHANNEL_MESSAGE", "username": "carol_js"}, "request_id": "0a7277e3-59e6-4dee-b20c-eb10affc1e51", "request_type": "PUBLISH_MESSAGE", "server_id": "py_server_1", "status": "OK", "timestamp": "2026-04-08T22:29:46Z", "type": "SERVER_RESULT"}
broker        | [BROKER][SEND][js_server_1] {"origin": "broker", "original_request_id": "0a7277e3-59e6-4dee-b20c-eb10affc1e51", "publication": {"channel": "geral", "client_timestamp": "2026-04-08T22:29:46.121Z", "message": "Bot carol_js reportando atividade distribuída em geral", "origin": "js_client_1", "publication_id": "0a7277e3-59e6-4dee-b20c-eb10affc1e51", "server_id": "py_server_1", "timestamp": "2026-04-08T22:29:46Z", "type": "CHANNEL_MESSAGE", "username": "carol_js"}, "request_id": "02eb1719-42e4-4411-b028-fa94d84e8cac", "timestamp": "2026-04-08T22:29:46Z", "type": "SYNC_PUBLICATION"}
js_client_1   | [js_client_1][PUBSUB_RECV] {"channel":"geral","message":"Bot carol_js reportando atividade distribuída em geral","sent_timestamp":"2026-04-08T22:29:46Z","received_timestamp":"2026-04-08T22:29:46.126Z","username":"carol_js","server_id":"py_server_1","publication_id":"0a7277e3-59e6-4dee-b20c-eb10affc1e51"}
js_server_1   | [js_server_1][RECV] {"type":"SYNC_PUBLICATION","request_id":"02eb1719-42e4-4411-b028-fa94d84e8cac","timestamp":"2026-04-08T22:29:46Z","origin":"broker","publication":{"type":"CHANNEL_MESSAGE","publication_id":"0a7277e3-59e6-4dee-b20c-eb10affc1e51","channel":"geral","message":"Bot carol_js reportando atividade distribuída em geral","username":"carol_js","origin":"js_client_1","timestamp":"2026-04-08T22:29:46Z","client_timestamp":"2026-04-08T22:29:46.121Z","server_id":"py_server_1"},"original_request_id":"0a7277e3-59e6-4dee-b20c-eb10affc1e51"}
broker        | [BROKER][SEND][js_server_2] {"origin": "broker", "original_request_id": "0a7277e3-59e6-4dee-b20c-eb10affc1e51", "publication": {"channel": "geral", "client_timestamp": "2026-04-08T22:29:46.121Z", "message": "Bot carol_js reportando atividade distribuída em geral", "origin": "js_client_1", "publication_id": "0a7277e3-59e6-4dee-b20c-eb10affc1e51", "server_id": "py_server_1", "timestamp": "2026-04-08T22:29:46Z", "type": "CHANNEL_MESSAGE", "username": "carol_js"}, "request_id": "02eb1719-42e4-4411-b028-fa94d84e8cac", "timestamp": "2026-04-08T22:29:46Z", "type": "SYNC_PUBLICATION"}
broker        | [BROKER][SEND][py_server_2] {"origin": "broker", "original_request_id": "0a7277e3-59e6-4dee-b20c-eb10affc1e51", "publication": {"channel": "geral", "client_timestamp": "2026-04-08T22:29:46.121Z", "message": "Bot carol_js reportando atividade distribuída em geral", "origin": "js_client_1", "publication_id": "0a7277e3-59e6-4dee-b20c-eb10affc1e51", "server_id": "py_server_1", "timestamp": "2026-04-08T22:29:46Z", "type": "CHANNEL_MESSAGE", "username": "carol_js"}, "request_id": "02eb1719-42e4-4411-b028-fa94d84e8cac", "timestamp": "2026-04-08T22:29:46Z", "type": "SYNC_PUBLICATION"}
js_server_2   | [js_server_2][RECV] {"type":"SYNC_PUBLICATION","request_id":"02eb1719-42e4-4411-b028-fa94d84e8cac","timestamp":"2026-04-08T22:29:46Z","origin":"broker","publication":{"type":"CHANNEL_MESSAGE","publication_id":"0a7277e3-59e6-4dee-b20c-eb10affc1e51","channel":"geral","message":"Bot carol_js reportando atividade distribuída em geral","username":"carol_js","origin":"js_client_1","timestamp":"2026-04-08T22:29:46Z","client_timestamp":"2026-04-08T22:29:46.121Z","server_id":"py_server_1"},"original_request_id":"0a7277e3-59e6-4dee-b20c-eb10affc1e51"}
js_server_1   | [js_server_1][SEND] {"type":"SERVER_RESULT","request_id":"02eb1719-42e4-4411-b028-fa94d84e8cac","timestamp":"2026-04-08T22:29:46.127Z","status":"OK","server_id":"js_server_1","request_type":"SYNC_PUBLICATION","publication_id":"0a7277e3-59e6-4dee-b20c-eb10affc1e51"}
py_server_2   | [py_server_2][RECV] {"origin": "broker", "original_request_id": "0a7277e3-59e6-4dee-b20c-eb10affc1e51", "publication": {"channel": "geral", "client_timestamp": "2026-04-08T22:29:46.121Z", "message": "Bot carol_js reportando atividade distribuída em geral", "origin": "js_client_1", "publication_id": "0a7277e3-59e6-4dee-b20c-eb10affc1e51", "server_id": "py_server_1", "timestamp": "2026-04-08T22:29:46Z", "type": "CHANNEL_MESSAGE", "username": "carol_js"}, "request_id": "02eb1719-42e4-4411-b028-fa94d84e8cac", "timestamp": "2026-04-08T22:29:46Z", "type": "SYNC_PUBLICATION"}
js_server_2   | [js_server_2][SEND] {"type":"SERVER_RESULT","request_id":"02eb1719-42e4-4411-b028-fa94d84e8cac","timestamp":"2026-04-08T22:29:46.129Z","status":"OK","server_id":"js_server_2","request_type":"SYNC_PUBLICATION","publication_id":"0a7277e3-59e6-4dee-b20c-eb10affc1e51"}
broker        | [BROKER][RECV][js_server_1] {"publication_id": "0a7277e3-59e6-4dee-b20c-eb10affc1e51", "request_id": "02eb1719-42e4-4411-b028-fa94d84e8cac", "request_type": "SYNC_PUBLICATION", "server_id": "js_server_1", "status": "OK", "timestamp": "2026-04-08T22:29:46.127Z", "type": "SERVER_RESULT"}
broker        | [BROKER][RECV][js_server_2] {"publication_id": "0a7277e3-59e6-4dee-b20c-eb10affc1e51", "request_id": "02eb1719-42e4-4411-b028-fa94d84e8cac", "request_type": "SYNC_PUBLICATION", "server_id": "js_server_2", "status": "OK", "timestamp": "2026-04-08T22:29:46.129Z", "type": "SERVER_RESULT"}
py_server_2   | [py_server_2][SEND] {"publication_id": "0a7277e3-59e6-4dee-b20c-eb10affc1e51", "request_id": "02eb1719-42e4-4411-b028-fa94d84e8cac", "request_type": "SYNC_PUBLICATION", "server_id": "py_server_2", "status": "OK", "timestamp": "2026-04-08T22:29:46Z", "type": "SERVER_RESULT"}
js_client_2   | [js_client_2][SEND] {"type":"PUBLISH_MESSAGE","request_id":"5a94ca0f-10a9-46f0-99cb-e90fbc5aea54","timestamp":"2026-04-08T22:29:46.130Z","origin":"js_client_2","username":"dave_js","channel":"devops","message":"Atualização do canal devops enviada por dave_js"}
broker        | [BROKER][RECV][py_server_2] {"publication_id": "0a7277e3-59e6-4dee-b20c-eb10affc1e51", "request_id": "02eb1719-42e4-4411-b028-fa94d84e8cac", "request_type": "SYNC_PUBLICATION", "server_id": "py_server_2", "status": "OK", "timestamp": "2026-04-08T22:29:46Z", "type": "SERVER_RESULT"}
broker        | [BROKER][SEND][ kEi] {"channel": "geral", "message": "Bot carol_js reportando atividade distribuída em geral", "publication": {"channel": "geral", "client_timestamp": "2026-04-08T22:29:46.121Z", "message": "Bot carol_js reportando atividade distribuída em geral", "origin": "js_client_1", "publication_id": "0a7277e3-59e6-4dee-b20c-eb10affc1e51", "server_id": "py_server_1", "timestamp": "2026-04-08T22:29:46Z", "type": "CHANNEL_MESSAGE", "username": "carol_js"}, "replicated_servers": ["js_server_1", "js_server_2", "py_server_1", "py_server_2"], "request_id": "0a7277e3-59e6-4dee-b20c-eb10affc1e51", "request_type": "PUBLISH_MESSAGE", "server_id": "py_server_1", "status": "OK", "timestamp": "2026-04-08T22:29:46Z", "type": "BROKER_REPLY"}
py_server_2   | [py_server_2][RECV] {"channel": "devops", "message": "Atualização do canal devops enviada por dave_js", "origin": "js_client_2", "request_id": "5a94ca0f-10a9-46f0-99cb-e90fbc5aea54", "timestamp": "2026-04-08T22:29:46.130Z", "type": "PUBLISH_MESSAGE", "username": "dave_js"}
broker        | [BROKER][RECV][ kEj] {"channel": "devops", "message": "Atualização do canal devops enviada por dave_js", "origin": "js_client_2", "request_id": "5a94ca0f-10a9-46f0-99cb-e90fbc5aea54", "timestamp": "2026-04-08T22:29:46.130Z", "type": "PUBLISH_MESSAGE", "username": "dave_js"}
broker        | [BROKER][SEND][py_server_2] {"channel": "devops", "message": "Atualização do canal devops enviada por dave_js", "origin": "js_client_2", "request_id": "5a94ca0f-10a9-46f0-99cb-e90fbc5aea54", "timestamp": "2026-04-08T22:29:46.130Z", "type": "PUBLISH_MESSAGE", "username": "dave_js"}
js_client_1   | [js_client_1][RECV] {"type":"BROKER_REPLY","request_id":"0a7277e3-59e6-4dee-b20c-eb10affc1e51","timestamp":"2026-04-08T22:29:46Z","status":"OK","request_type":"PUBLISH_MESSAGE","channel":"geral","message":"Bot carol_js reportando atividade distribuída em geral","server_id":"py_server_1","publication":{"type":"CHANNEL_MESSAGE","publication_id":"0a7277e3-59e6-4dee-b20c-eb10affc1e51","channel":"geral","message":"Bot carol_js reportando atividade distribuída em geral","username":"carol_js","origin":"js_client_1","timestamp":"2026-04-08T22:29:46Z","client_timestamp":"2026-04-08T22:29:46.121Z","server_id":"py_server_1"},"replicated_servers":["js_server_1","js_server_2","py_server_1","py_server_2"]}
py_server_2   | [py_server_2][PUB] {"channel": "devops", "client_timestamp": "2026-04-08T22:29:46.130Z", "message": "Atualização do canal devops enviada por dave_js", "origin": "js_client_2", "publication_id": "5a94ca0f-10a9-46f0-99cb-e90fbc5aea54", "server_id": "py_server_2", "timestamp": "2026-04-08T22:29:46Z", "type": "CHANNEL_MESSAGE", "username": "dave_js"}
py_server_2   | [py_server_2][SEND] {"channel": "devops", "message": "Atualização do canal devops enviada por dave_js", "publication": {"channel": "devops", "client_timestamp": "2026-04-08T22:29:46.130Z", "message": "Atualização do canal devops enviada por dave_js", "origin": "js_client_2", "publication_id": "5a94ca0f-10a9-46f0-99cb-e90fbc5aea54", "server_id": "py_server_2", "timestamp": "2026-04-08T22:29:46Z", "type": "CHANNEL_MESSAGE", "username": "dave_js"}, "request_id": "5a94ca0f-10a9-46f0-99cb-e90fbc5aea54", "request_type": "PUBLISH_MESSAGE", "server_id": "py_server_2", "status": "OK", "timestamp": "2026-04-08T22:29:46Z", "type": "SERVER_RESULT"}
js_client_1   | [js_client_1][PUBSUB_RECV] {"channel":"devops","message":"Atualização do canal devops enviada por dave_js","sent_timestamp":"2026-04-08T22:29:46Z","received_timestamp":"2026-04-08T22:29:46.135Z","username":"dave_js","server_id":"py_server_2","publication_id":"5a94ca0f-10a9-46f0-99cb-e90fbc5aea54"}
broker        | [BROKER][RECV][py_server_2] {"channel": "devops", "message": "Atualização do canal devops enviada por dave_js", "publication": {"channel": "devops", "client_timestamp": "2026-04-08T22:29:46.130Z", "message": "Atualização do canal devops enviada por dave_js", "origin": "js_client_2", "publication_id": "5a94ca0f-10a9-46f0-99cb-e90fbc5aea54", "server_id": "py_server_2", "timestamp": "2026-04-08T22:29:46Z", "type": "CHANNEL_MESSAGE", "username": "dave_js"}, "request_id": "5a94ca0f-10a9-46f0-99cb-e90fbc5aea54", "request_type": "PUBLISH_MESSAGE", "server_id": "py_server_2", "status": "OK", "timestamp": "2026-04-08T22:29:46Z", "type": "SERVER_RESULT"}
broker        | [BROKER][SEND][js_server_1] {"origin": "broker", "original_request_id": "5a94ca0f-10a9-46f0-99cb-e90fbc5aea54", "publication": {"channel": "devops", "client_timestamp": "2026-04-08T22:29:46.130Z", "message": "Atualização do canal devops enviada por dave_js", "origin": "js_client_2", "publication_id": "5a94ca0f-10a9-46f0-99cb-e90fbc5aea54", "server_id": "py_server_2", "timestamp": "2026-04-08T22:29:46Z", "type": "CHANNEL_MESSAGE", "username": "dave_js"}, "request_id": "9c4db40e-6f8c-4398-aabb-f84f6384db14", "timestamp": "2026-04-08T22:29:46Z", "type": "SYNC_PUBLICATION"}
broker        | [BROKER][SEND][js_server_2] {"origin": "broker", "original_request_id": "5a94ca0f-10a9-46f0-99cb-e90fbc5aea54", "publication": {"channel": "devops", "client_timestamp": "2026-04-08T22:29:46.130Z", "message": "Atualização do canal devops enviada por dave_js", "origin": "js_client_2", "publication_id": "5a94ca0f-10a9-46f0-99cb-e90fbc5aea54", "server_id": "py_server_2", "timestamp": "2026-04-08T22:29:46Z", "type": "CHANNEL_MESSAGE", "username": "dave_js"}, "request_id": "9c4db40e-6f8c-4398-aabb-f84f6384db14", "timestamp": "2026-04-08T22:29:46Z", "type": "SYNC_PUBLICATION"}
js_server_1   | [js_server_1][RECV] {"type":"SYNC_PUBLICATION","request_id":"9c4db40e-6f8c-4398-aabb-f84f6384db14","timestamp":"2026-04-08T22:29:46Z","origin":"broker","publication":{"type":"CHANNEL_MESSAGE","publication_id":"5a94ca0f-10a9-46f0-99cb-e90fbc5aea54","channel":"devops","message":"Atualização do canal devops enviada por dave_js","username":"dave_js","origin":"js_client_2","timestamp":"2026-04-08T22:29:46Z","client_timestamp":"2026-04-08T22:29:46.130Z","server_id":"py_server_2"},"original_request_id":"5a94ca0f-10a9-46f0-99cb-e90fbc5aea54"}
js_client_2   | [js_client_2][PUBSUB_RECV] {"channel":"devops","message":"Atualização do canal devops enviada por dave_js","sent_timestamp":"2026-04-08T22:29:46Z","received_timestamp":"2026-04-08T22:29:46.135Z","username":"dave_js","server_id":"py_server_2","publication_id":"5a94ca0f-10a9-46f0-99cb-e90fbc5aea54"}
broker        | [BROKER][SEND][py_server_1] {"origin": "broker", "original_request_id": "5a94ca0f-10a9-46f0-99cb-e90fbc5aea54", "publication": {"channel": "devops", "client_timestamp": "2026-04-08T22:29:46.130Z", "message": "Atualização do canal devops enviada por dave_js", "origin": "js_client_2", "publication_id": "5a94ca0f-10a9-46f0-99cb-e90fbc5aea54", "server_id": "py_server_2", "timestamp": "2026-04-08T22:29:46Z", "type": "CHANNEL_MESSAGE", "username": "dave_js"}, "request_id": "9c4db40e-6f8c-4398-aabb-f84f6384db14", "timestamp": "2026-04-08T22:29:46Z", "type": "SYNC_PUBLICATION"}
js_server_2   | [js_server_2][RECV] {"type":"SYNC_PUBLICATION","request_id":"9c4db40e-6f8c-4398-aabb-f84f6384db14","timestamp":"2026-04-08T22:29:46Z","origin":"broker","publication":{"type":"CHANNEL_MESSAGE","publication_id":"5a94ca0f-10a9-46f0-99cb-e90fbc5aea54","channel":"devops","message":"Atualização do canal devops enviada por dave_js","username":"dave_js","origin":"js_client_2","timestamp":"2026-04-08T22:29:46Z","client_timestamp":"2026-04-08T22:29:46.130Z","server_id":"py_server_2"},"original_request_id":"5a94ca0f-10a9-46f0-99cb-e90fbc5aea54"}
py_server_1   | [py_server_1][RECV] {"origin": "broker", "original_request_id": "5a94ca0f-10a9-46f0-99cb-e90fbc5aea54", "publication": {"channel": "devops", "client_timestamp": "2026-04-08T22:29:46.130Z", "message": "Atualização do canal devops enviada por dave_js", "origin": "js_client_2", "publication_id": "5a94ca0f-10a9-46f0-99cb-e90fbc5aea54", "server_id": "py_server_2", "timestamp": "2026-04-08T22:29:46Z", "type": "CHANNEL_MESSAGE", "username": "dave_js"}, "request_id": "9c4db40e-6f8c-4398-aabb-f84f6384db14", "timestamp": "2026-04-08T22:29:46Z", "type": "SYNC_PUBLICATION"}
js_server_1   | [js_server_1][SEND] {"type":"SERVER_RESULT","request_id":"9c4db40e-6f8c-4398-aabb-f84f6384db14","timestamp":"2026-04-08T22:29:46.137Z","status":"OK","server_id":"js_server_1","request_type":"SYNC_PUBLICATION","publication_id":"5a94ca0f-10a9-46f0-99cb-e90fbc5aea54"}
broker        | [BROKER][RECV][js_server_1] {"publication_id": "5a94ca0f-10a9-46f0-99cb-e90fbc5aea54", "request_id": "9c4db40e-6f8c-4398-aabb-f84f6384db14", "request_type": "SYNC_PUBLICATION", "server_id": "js_server_1", "status": "OK", "timestamp": "2026-04-08T22:29:46.137Z", "type": "SERVER_RESULT"}
js_server_2   | [js_server_2][SEND] {"type":"SERVER_RESULT","request_id":"9c4db40e-6f8c-4398-aabb-f84f6384db14","timestamp":"2026-04-08T22:29:46.138Z","status":"OK","server_id":"js_server_2","request_type":"SYNC_PUBLICATION","publication_id":"5a94ca0f-10a9-46f0-99cb-e90fbc5aea54"}
broker        | [BROKER][RECV][js_server_2] {"publication_id": "5a94ca0f-10a9-46f0-99cb-e90fbc5aea54", "request_id": "9c4db40e-6f8c-4398-aabb-f84f6384db14", "request_type": "SYNC_PUBLICATION", "server_id": "js_server_2", "status": "OK", "timestamp": "2026-04-08T22:29:46.138Z", "type": "SERVER_RESULT"}
py_server_1   | [py_server_1][SEND] {"publication_id": "5a94ca0f-10a9-46f0-99cb-e90fbc5aea54", "request_id": "9c4db40e-6f8c-4398-aabb-f84f6384db14", "request_type": "SYNC_PUBLICATION", "server_id": "py_server_1", "status": "OK", "timestamp": "2026-04-08T22:29:46Z", "type": "SERVER_RESULT"}
broker        | [BROKER][RECV][py_server_1] {"publication_id": "5a94ca0f-10a9-46f0-99cb-e90fbc5aea54", "request_id": "9c4db40e-6f8c-4398-aabb-f84f6384db14", "request_type": "SYNC_PUBLICATION", "server_id": "py_server_1", "status": "OK", "timestamp": "2026-04-08T22:29:46Z", "type": "SERVER_RESULT"}
broker        | [BROKER][SEND][ kEj] {"channel": "devops", "message": "Atualização do canal devops enviada por dave_js", "publication": {"channel": "devops", "client_timestamp": "2026-04-08T22:29:46.130Z", "message": "Atualização do canal devops enviada por dave_js", "origin": "js_client_2", "publication_id": "5a94ca0f-10a9-46f0-99cb-e90fbc5aea54", "server_id": "py_server_2", "timestamp": "2026-04-08T22:29:46Z", "type": "CHANNEL_MESSAGE", "username": "dave_js"}, "replicated_servers": ["js_server_1", "js_server_2", "py_server_1", "py_server_2"], "request_id": "5a94ca0f-10a9-46f0-99cb-e90fbc5aea54", "request_type": "PUBLISH_MESSAGE", "server_id": "py_server_2", "status": "OK", "timestamp": "2026-04-08T22:29:46Z", "type": "BROKER_REPLY"}
