broker        | [BROKER][SEND][js_server_1] {"origin": "broker", "original_request_id": "30d90990-cd2b-4e12-b3db-ddf06b2ce55e", "publication": {"channel": "geral", "client_timestamp": "2026-04-08T22:29:44.096Z", "message": "Evento sincronizado 8 para o tópico geral", "origin": "js_client_1", "publication_id": "30d90990-cd2b-4e12-b3db-ddf06b2ce55e", "server_id": "js_server_2", "timestamp": "2026-04-08T22:29:44.098Z", "type": "CHANNEL_MESSAGE", "username": "carol_js"}, "request_id": "f2ffd6c4-0a13-4650-9027-b1226f6cffe9", "timestamp": "2026-04-08T22:29:44Z", "type": "SYNC_PUBLICATION"}
js_server_1   | [js_server_1][RECV] {"type":"SYNC_PUBLICATION","request_id":"f2ffd6c4-0a13-4650-9027-b1226f6cffe9","timestamp":"2026-04-08T22:29:44Z","origin":"broker","publication":{"type":"CHANNEL_MESSAGE","publication_id":"30d90990-cd2b-4e12-b3db-ddf06b2ce55e","channel":"geral","message":"Evento sincronizado 8 para o tópico geral","username":"carol_js","origin":"js_client_1","timestamp":"2026-04-08T22:29:44.098Z","client_timestamp":"2026-04-08T22:29:44.096Z","server_id":"js_server_2"},"original_request_id":"30d90990-cd2b-4e12-b3db-ddf06b2ce55e"}
py_server_1   | [py_server_1][RECV] {"origin": "broker", "original_request_id": "30d90990-cd2b-4e12-b3db-ddf06b2ce55e", "publication": {"channel": "geral", "client_timestamp": "2026-04-08T22:29:44.096Z", "message": "Evento sincronizado 8 para o tópico geral", "origin": "js_client_1", "publication_id": "30d90990-cd2b-4e12-b3db-ddf06b2ce55e", "server_id": "js_server_2", "timestamp": "2026-04-08T22:29:44.098Z", "type": "CHANNEL_MESSAGE", "username": "carol_js"}, "request_id": "f2ffd6c4-0a13-4650-9027-b1226f6cffe9", "timestamp": "2026-04-08T22:29:44Z", "type": "SYNC_PUBLICATION"}
broker        | [BROKER][SEND][py_server_1] {"origin": "broker", "original_request_id": "30d90990-cd2b-4e12-b3db-ddf06b2ce55e", "publication": {"channel": "geral", "client_timestamp": "2026-04-08T22:29:44.096Z", "message": "Evento sincronizado 8 para o tópico geral", "origin": "js_client_1", "publication_id": "30d90990-cd2b-4e12-b3db-ddf06b2ce55e", "server_id": "js_server_2", "timestamp": "2026-04-08T22:29:44.098Z", "type": "CHANNEL_MESSAGE", "username": "carol_js"}, "request_id": "f2ffd6c4-0a13-4650-9027-b1226f6cffe9", "timestamp": "2026-04-08T22:29:44Z", "type": "SYNC_PUBLICATION"}
broker        | [BROKER][SEND][py_server_2] {"origin": "broker", "original_request_id": "30d90990-cd2b-4e12-b3db-ddf06b2ce55e", "publication": {"channel": "geral", "client_timestamp": "2026-04-08T22:29:44.096Z", "message": "Evento sincronizado 8 para o tópico geral", "origin": "js_client_1", "publication_id": "30d90990-cd2b-4e12-b3db-ddf06b2ce55e", "server_id": "js_server_2", "timestamp": "2026-04-08T22:29:44.098Z", "type": "CHANNEL_MESSAGE", "username": "carol_js"}, "request_id": "f2ffd6c4-0a13-4650-9027-b1226f6cffe9", "timestamp": "2026-04-08T22:29:44Z", "type": "SYNC_PUBLICATION"}
py_server_2   | [py_server_2][RECV] {"origin": "broker", "original_request_id": "30d90990-cd2b-4e12-b3db-ddf06b2ce55e", "publication": {"channel": "geral", "client_timestamp": "2026-04-08T22:29:44.096Z", "message": "Evento sincronizado 8 para o tópico geral", "origin": "js_client_1", "publication_id": "30d90990-cd2b-4e12-b3db-ddf06b2ce55e", "server_id": "js_server_2", "timestamp": "2026-04-08T22:29:44.098Z", "type": "CHANNEL_MESSAGE", "username": "carol_js"}, "request_id": "f2ffd6c4-0a13-4650-9027-b1226f6cffe9", "timestamp": "2026-04-08T22:29:44Z", "type": "SYNC_PUBLICATION"}
py_server_1   | [py_server_1][SEND] {"publication_id": "30d90990-cd2b-4e12-b3db-ddf06b2ce55e", "request_id": "f2ffd6c4-0a13-4650-9027-b1226f6cffe9", "request_type": "SYNC_PUBLICATION", "server_id": "py_server_1", "status": "OK", "timestamp": "2026-04-08T22:29:44Z", "type": "SERVER_RESULT"}
js_server_1   | [js_server_1][SEND] {"type":"SERVER_RESULT","request_id":"f2ffd6c4-0a13-4650-9027-b1226f6cffe9","timestamp":"2026-04-08T22:29:44.103Z","status":"OK","server_id":"js_server_1","request_type":"SYNC_PUBLICATION","publication_id":"30d90990-cd2b-4e12-b3db-ddf06b2ce55e"}
js_client_2   | [js_client_2][SEND] {"type":"PUBLISH_MESSAGE","request_id":"3f3b3779-d898-4f03-a6ad-304f78f7f356","timestamp":"2026-04-08T22:29:44.105Z","origin":"js_client_2","username":"dave_js","channel":"devops","message":"Heartbeat do bot dave_js no canal devops"}
broker        | [BROKER][RECV][js_server_1] {"publication_id": "30d90990-cd2b-4e12-b3db-ddf06b2ce55e", "request_id": "f2ffd6c4-0a13-4650-9027-b1226f6cffe9", "request_type": "SYNC_PUBLICATION", "server_id": "js_server_1", "status": "OK", "timestamp": "2026-04-08T22:29:44.103Z", "type": "SERVER_RESULT"}
broker        | [BROKER][RECV][py_server_1] {"publication_id": "30d90990-cd2b-4e12-b3db-ddf06b2ce55e", "request_id": "f2ffd6c4-0a13-4650-9027-b1226f6cffe9", "request_type": "SYNC_PUBLICATION", "server_id": "py_server_1", "status": "OK", "timestamp": "2026-04-08T22:29:44Z", "type": "SERVER_RESULT"}
py_server_2   | [py_server_2][SEND] {"publication_id": "30d90990-cd2b-4e12-b3db-ddf06b2ce55e", "request_id": "f2ffd6c4-0a13-4650-9027-b1226f6cffe9", "request_type": "SYNC_PUBLICATION", "server_id": "py_server_2", "status": "OK", "timestamp": "2026-04-08T22:29:44Z", "type": "SERVER_RESULT"}
broker        | [BROKER][RECV][py_server_2] {"publication_id": "30d90990-cd2b-4e12-b3db-ddf06b2ce55e", "request_id": "f2ffd6c4-0a13-4650-9027-b1226f6cffe9", "request_type": "SYNC_PUBLICATION", "server_id": "py_server_2", "status": "OK", "timestamp": "2026-04-08T22:29:44Z", "type": "SERVER_RESULT"}
broker        | [BROKER][SEND][ kEi] {"channel": "geral", "message": "Evento sincronizado 8 para o tópico geral", "publication": {"channel": "geral", "client_timestamp": "2026-04-08T22:29:44.096Z", "message": "Evento sincronizado 8 para o tópico geral", "origin": "js_client_1", "publication_id": "30d90990-cd2b-4e12-b3db-ddf06b2ce55e", "server_id": "js_server_2", "timestamp": "2026-04-08T22:29:44.098Z", "type": "CHANNEL_MESSAGE", "username": "carol_js"}, "replicated_servers": ["js_server_1", "js_server_2", "py_server_1", "py_server_2"], "request_id": "30d90990-cd2b-4e12-b3db-ddf06b2ce55e", "request_type": "PUBLISH_MESSAGE", "server_id": "js_server_2", "status": "OK", "timestamp": "2026-04-08T22:29:44Z", "type": "BROKER_REPLY"}
broker        | [BROKER][RECV][ kEj] {"channel": "devops", "message": "Heartbeat do bot dave_js no canal devops", "origin": "js_client_2", "request_id": "3f3b3779-d898-4f03-a6ad-304f78f7f356", "timestamp": "2026-04-08T22:29:44.105Z", "type": "PUBLISH_MESSAGE", "username": "dave_js"}
broker        | [BROKER][SEND][py_server_1] {"channel": "devops", "message": "Heartbeat do bot dave_js no canal devops", "origin": "js_client_2", "request_id": "3f3b3779-d898-4f03-a6ad-304f78f7f356", "timestamp": "2026-04-08T22:29:44.105Z", "type": "PUBLISH_MESSAGE", "username": "dave_js"}
js_client_1   | [js_client_1][RECV] {"type":"BROKER_REPLY","request_id":"30d90990-cd2b-4e12-b3db-ddf06b2ce55e","timestamp":"2026-04-08T22:29:44Z","status":"OK","request_type":"PUBLISH_MESSAGE","channel":"geral","message":"Evento sincronizado 8 para o tópico geral","server_id":"js_server_2","publication":{"type":"CHANNEL_MESSAGE","publication_id":"30d90990-cd2b-4e12-b3db-ddf06b2ce55e","channel":"geral","message":"Evento sincronizado 8 para o tópico geral","username":"carol_js","origin":"js_client_1","timestamp":"2026-04-08T22:29:44.098Z","client_timestamp":"2026-04-08T22:29:44.096Z","server_id":"js_server_2"},"replicated_servers":["js_server_1","js_server_2","py_server_1","py_server_2"]}
py_server_1   | [py_server_1][RECV] {"channel": "devops", "message": "Heartbeat do bot dave_js no canal devops", "origin": "js_client_2", "request_id": "3f3b3779-d898-4f03-a6ad-304f78f7f356", "timestamp": "2026-04-08T22:29:44.105Z", "type": "PUBLISH_MESSAGE", "username": "dave_js"}
py_server_1   | [py_server_1][PUB] {"channel": "devops", "client_timestamp": "2026-04-08T22:29:44.105Z", "message": "Heartbeat do bot dave_js no canal devops", "origin": "js_client_2", "publication_id": "3f3b3779-d898-4f03-a6ad-304f78f7f356", "server_id": "py_server_1", "timestamp": "2026-04-08T22:29:44Z", "type": "CHANNEL_MESSAGE", "username": "dave_js"}
py_server_1   | [py_server_1][SEND] {"channel": "devops", "message": "Heartbeat do bot dave_js no canal devops", "publication": {"channel": "devops", "client_timestamp": "2026-04-08T22:29:44.105Z", "message": "Heartbeat do bot dave_js no canal devops", "origin": "js_client_2", "publication_id": "3f3b3779-d898-4f03-a6ad-304f78f7f356", "server_id": "py_server_1", "timestamp": "2026-04-08T22:29:44Z", "type": "CHANNEL_MESSAGE", "username": "dave_js"}, "request_id": "3f3b3779-d898-4f03-a6ad-304f78f7f356", "request_type": "PUBLISH_MESSAGE", "server_id": "py_server_1", "status": "OK", "timestamp": "2026-04-08T22:29:44Z", "type": "SERVER_RESULT"}
broker        | [BROKER][RECV][py_server_1] {"channel": "devops", "message": "Heartbeat do bot dave_js no canal devops", "publication": {"channel": "devops", "client_timestamp": "2026-04-08T22:29:44.105Z", "message": "Heartbeat do bot dave_js no canal devops", "origin": "js_client_2", "publication_id": "3f3b3779-d898-4f03-a6ad-304f78f7f356", "server_id": "py_server_1", "timestamp": "2026-04-08T22:29:44Z", "type": "CHANNEL_MESSAGE", "username": "dave_js"}, "request_id": "3f3b3779-d898-4f03-a6ad-304f78f7f356", "request_type": "PUBLISH_MESSAGE", "server_id": "py_server_1", "status": "OK", "timestamp": "2026-04-08T22:29:44Z", "type": "SERVER_RESULT"}
broker        | [BROKER][SEND][js_server_1] {"origin": "broker", "original_request_id": "3f3b3779-d898-4f03-a6ad-304f78f7f356", "publication": {"channel": "devops", "client_timestamp": "2026-04-08T22:29:44.105Z", "message": "Heartbeat do bot dave_js no canal devops", "origin": "js_client_2", "publication_id": "3f3b3779-d898-4f03-a6ad-304f78f7f356", "server_id": "py_server_1", "timestamp": "2026-04-08T22:29:44Z", "type": "CHANNEL_MESSAGE", "username": "dave_js"}, "request_id": "ea7716ea-ea97-4b88-a5e2-a31e991d8ad8", "timestamp": "2026-04-08T22:29:44Z", "type": "SYNC_PUBLICATION"}
broker        | [BROKER][SEND][js_server_2] {"origin": "broker", "original_request_id": "3f3b3779-d898-4f03-a6ad-304f78f7f356", "publication": {"channel": "devops", "client_timestamp": "2026-04-08T22:29:44.105Z", "message": "Heartbeat do bot dave_js no canal devops", "origin": "js_client_2", "publication_id": "3f3b3779-d898-4f03-a6ad-304f78f7f356", "server_id": "py_server_1", "timestamp": "2026-04-08T22:29:44Z", "type": "CHANNEL_MESSAGE", "username": "dave_js"}, "request_id": "ea7716ea-ea97-4b88-a5e2-a31e991d8ad8", "timestamp": "2026-04-08T22:29:44Z", "type": "SYNC_PUBLICATION"}
broker        | [BROKER][SEND][py_server_2] {"origin": "broker", "original_request_id": "3f3b3779-d898-4f03-a6ad-304f78f7f356", "publication": {"channel": "devops", "client_timestamp": "2026-04-08T22:29:44.105Z", "message": "Heartbeat do bot dave_js no canal devops", "origin": "js_client_2", "publication_id": "3f3b3779-d898-4f03-a6ad-304f78f7f356", "server_id": "py_server_1", "timestamp": "2026-04-08T22:29:44Z", "type": "CHANNEL_MESSAGE", "username": "dave_js"}, "request_id": "ea7716ea-ea97-4b88-a5e2-a31e991d8ad8", "timestamp": "2026-04-08T22:29:44Z", "type": "SYNC_PUBLICATION"}
js_client_2   | [js_client_2][PUBSUB_RECV] {"channel":"devops","message":"Heartbeat do bot dave_js no canal devops","sent_timestamp":"2026-04-08T22:29:44Z","received_timestamp":"2026-04-08T22:29:44.110Z","username":"dave_js","server_id":"py_server_1","publication_id":"3f3b3779-d898-4f03-a6ad-304f78f7f356"}
py_server_2   | [py_server_2][RECV] {"origin": "broker", "original_request_id": "3f3b3779-d898-4f03-a6ad-304f78f7f356", "publication": {"channel": "devops", "client_timestamp": "2026-04-08T22:29:44.105Z", "message": "Heartbeat do bot dave_js no canal devops", "origin": "js_client_2", "publication_id": "3f3b3779-d898-4f03-a6ad-304f78f7f356", "server_id": "py_server_1", "timestamp": "2026-04-08T22:29:44Z", "type": "CHANNEL_MESSAGE", "username": "dave_js"}, "request_id": "ea7716ea-ea97-4b88-a5e2-a31e991d8ad8", "timestamp": "2026-04-08T22:29:44Z", "type": "SYNC_PUBLICATION"}
js_server_2   | [js_server_2][RECV] {"type":"SYNC_PUBLICATION","request_id":"ea7716ea-ea97-4b88-a5e2-a31e991d8ad8","timestamp":"2026-04-08T22:29:44Z","origin":"broker","publication":{"type":"CHANNEL_MESSAGE","publication_id":"3f3b3779-d898-4f03-a6ad-304f78f7f356","channel":"devops","message":"Heartbeat do bot dave_js no canal devops","username":"dave_js","origin":"js_client_2","timestamp":"2026-04-08T22:29:44Z","client_timestamp":"2026-04-08T22:29:44.105Z","server_id":"py_server_1"},"original_request_id":"3f3b3779-d898-4f03-a6ad-304f78f7f356"}
js_client_1   | [js_client_1][PUBSUB_RECV] {"channel":"devops","message":"Heartbeat do bot dave_js no canal devops","sent_timestamp":"2026-04-08T22:29:44Z","received_timestamp":"2026-04-08T22:29:44.110Z","username":"dave_js","server_id":"py_server_1","publication_id":"3f3b3779-d898-4f03-a6ad-304f78f7f356"}
js_server_1   | [js_server_1][RECV] {"type":"SYNC_PUBLICATION","request_id":"ea7716ea-ea97-4b88-a5e2-a31e991d8ad8","timestamp":"2026-04-08T22:29:44Z","origin":"broker","publication":{"type":"CHANNEL_MESSAGE","publication_id":"3f3b3779-d898-4f03-a6ad-304f78f7f356","channel":"devops","message":"Heartbeat do bot dave_js no canal devops","username":"dave_js","origin":"js_client_2","timestamp":"2026-04-08T22:29:44Z","client_timestamp":"2026-04-08T22:29:44.105Z","server_id":"py_server_1"},"original_request_id":"3f3b3779-d898-4f03-a6ad-304f78f7f356"}
js_server_2   | [js_server_2][SEND] {"type":"SERVER_RESULT","request_id":"ea7716ea-ea97-4b88-a5e2-a31e991d8ad8","timestamp":"2026-04-08T22:29:44.113Z","status":"OK","server_id":"js_server_2","request_type":"SYNC_PUBLICATION","publication_id":"3f3b3779-d898-4f03-a6ad-304f78f7f356"}
js_server_1   | [js_server_1][SEND] {"type":"SERVER_RESULT","request_id":"ea7716ea-ea97-4b88-a5e2-a31e991d8ad8","timestamp":"2026-04-08T22:29:44.114Z","status":"OK","server_id":"js_server_1","request_type":"SYNC_PUBLICATION","publication_id":"3f3b3779-d898-4f03-a6ad-304f78f7f356"}
broker        | [BROKER][RECV][js_server_2] {"publication_id": "3f3b3779-d898-4f03-a6ad-304f78f7f356", "request_id": "ea7716ea-ea97-4b88-a5e2-a31e991d8ad8", "request_type": "SYNC_PUBLICATION", "server_id": "js_server_2", "status": "OK", "timestamp": "2026-04-08T22:29:44.113Z", "type": "SERVER_RESULT"}
broker        | [BROKER][RECV][js_server_1] {"publication_id": "3f3b3779-d898-4f03-a6ad-304f78f7f356", "request_id": "ea7716ea-ea97-4b88-a5e2-a31e991d8ad8", "request_type": "SYNC_PUBLICATION", "server_id": "js_server_1", "status": "OK", "timestamp": "2026-04-08T22:29:44.114Z", "type": "SERVER_RESULT"}
py_server_2   | [py_server_2][SEND] {"publication_id": "3f3b3779-d898-4f03-a6ad-304f78f7f356", "request_id": "ea7716ea-ea97-4b88-a5e2-a31e991d8ad8", "request_type": "SYNC_PUBLICATION", "server_id": "py_server_2", "status": "OK", "timestamp": "2026-04-08T22:29:44Z", "type": "SERVER_RESULT"}
broker        | [BROKER][RECV][py_server_2] {"publication_id": "3f3b3779-d898-4f03-a6ad-304f78f7f356", "request_id": "ea7716ea-ea97-4b88-a5e2-a31e991d8ad8", "request_type": "SYNC_PUBLICATION", "server_id": "py_server_2", "status": "OK", "timestamp": "2026-04-08T22:29:44Z", "type": "SERVER_RESULT"}
broker        | [BROKER][SEND][ kEj] {"channel": "devops", "message": "Heartbeat do bot dave_js no canal devops", "publication": {"channel": "devops", "client_timestamp": "2026-04-08T22:29:44.105Z", "message": "Heartbeat do bot dave_js no canal devops", "origin": "js_client_2", "publication_id": "3f3b3779-d898-4f03-a6ad-304f78f7f356", "server_id": "py_server_1", "timestamp": "2026-04-08T22:29:44Z", "type": "CHANNEL_MESSAGE", "username": "dave_js"}, "replicated_servers": ["js_server_1", "js_server_2", "py_server_1", "py_server_2"], "request_id": "3f3b3779-d898-4f03-a6ad-304f78f7f356", "request_type": "PUBLISH_MESSAGE", "server_id": "py_server_1", "status": "OK", "timestamp": "2026-04-08T22:29:44Z", "type": "BROKER_REPLY"}
js_client_2   | [js_client_2][RECV] {"type":"BROKER_REPLY","request_id":"3f3b3779-d898-4f03-a6ad-304f78f7f356","timestamp":"2026-04-08T22:29:44Z","status":"OK","request_type":"PUBLISH_MESSAGE","channel":"devops","message":"Heartbeat do bot dave_js no canal devops","server_id":"py_server_1","publication":{"type":"CHANNEL_MESSAGE","publication_id":"3f3b3779-d898-4f03-a6ad-304f78f7f356","channel":"devops","message":"Heartbeat do bot dave_js no canal devops","username":"dave_js","origin":"js_client_2","timestamp":"2026-04-08T22:29:44Z","client_timestamp":"2026-04-08T22:29:44.105Z","server_id":"py_server_1"},"replicated_servers":["js_server_1","js_server_2","py_server_1","py_server_2"]}
py_client_2   | [py_client_2][SEND] {"channel": "backend", "message": "Atualização do canal backend enviada por bob_py", "origin": "py_client_2", "request_id": "6f0b2630-215b-4408-8208-c140b2ecf20b", "timestamp": "2026-04-08T22:29:44Z", "type": "PUBLISH_MESSAGE", "username": "bob_py"}
broker        | [BROKER][RECV][ kEh] {"channel": "backend", "message": "Atualização do canal backend enviada por bob_py", "origin": "py_client_2", "request_id": "6f0b2630-215b-4408-8208-c140b2ecf20b", "timestamp": "2026-04-08T22:29:44Z", "type": "PUBLISH_MESSAGE", "username": "bob_py"}
broker        | [BROKER][SEND][py_server_2] {"channel": "backend", "message": "Atualização do canal backend enviada por bob_py", "origin": "py_client_2", "request_id": "6f0b2630-215b-4408-8208-c140b2ecf20b", "timestamp": "2026-04-08T22:29:44Z", "type": "PUBLISH_MESSAGE", "username": "bob_py"}
py_server_2   | [py_server_2][RECV] {"channel": "backend", "message": "Atualização do canal backend enviada por bob_py", "origin": "py_client_2", "request_id": "6f0b2630-215b-4408-8208-c140b2ecf20b", "timestamp": "2026-04-08T22:29:44Z", "type": "PUBLISH_MESSAGE", "username": "bob_py"}
py_server_2   | [py_server_2][PUB] {"channel": "backend", "client_timestamp": "2026-04-08T22:29:44Z", "message": "Atualização do canal backend enviada por bob_py", "origin": "py_client_2", "publication_id": "6f0b2630-215b-4408-8208-c140b2ecf20b", "server_id": "py_server_2", "timestamp": "2026-04-08T22:29:44Z", "type": "CHANNEL_MESSAGE", "username": "bob_py"}
py_server_2   | [py_server_2][SEND] {"channel": "backend", "message": "Atualização do canal backend enviada por bob_py", "publication": {"channel": "backend", "client_timestamp": "2026-04-08T22:29:44Z", "message": "Atualização do canal backend enviada por bob_py", "origin": "py_client_2", "publication_id": "6f0b2630-215b-4408-8208-c140b2ecf20b", "server_id": "py_server_2", "timestamp": "2026-04-08T22:29:44Z", "type": "CHANNEL_MESSAGE", "username": "bob_py"}, "request_id": "6f0b2630-215b-4408-8208-c140b2ecf20b", "request_type": "PUBLISH_MESSAGE", "server_id": "py_server_2", "status": "OK", "timestamp": "2026-04-08T22:29:44Z", "type": "SERVER_RESULT"}
py_client_2   | [py_client_2][PUBSUB_RECV] {"channel": "backend", "message": "Atualização do canal backend enviada por bob_py", "publication_id": "6f0b2630-215b-4408-8208-c140b2ecf20b", "received_timestamp": "2026-04-08T22:29:44Z", "sent_timestamp": "2026-04-08T22:29:44Z", "server_id": "py_server_2", "username": "bob_py"}
broker        | [BROKER][RECV][py_server_2] {"channel": "backend", "message": "Atualização do canal backend enviada por bob_py", "publication": {"channel": "backend", "client_timestamp": "2026-04-08T22:29:44Z", "message": "Atualização do canal backend enviada por bob_py", "origin": "py_client_2", "publication_id": "6f0b2630-215b-4408-8208-c140b2ecf20b", "server_id": "py_server_2", "timestamp": "2026-04-08T22:29:44Z", "type": "CHANNEL_MESSAGE", "username": "bob_py"}, "request_id": "6f0b2630-215b-4408-8208-c140b2ecf20b", "request_type": "PUBLISH_MESSAGE", "server_id": "py_server_2", "status": "OK", "timestamp": "2026-04-08T22:29:44Z", "type": "SERVER_RESULT"}
broker        | [BROKER][SEND][js_server_1] {"origin": "broker", "original_request_id": "6f0b2630-215b-4408-8208-c140b2ecf20b", "publication": {"channel": "backend", "client_timestamp": "2026-04-08T22:29:44Z", "message": "Atualização do canal backend enviada por bob_py", "origin": "py_client_2", "publication_id": "6f0b2630-215b-4408-8208-c140b2ecf20b", "server_id": "py_server_2", "timestamp": "2026-04-08T22:29:44Z", "type": "CHANNEL_MESSAGE", "username": "bob_py"}, "request_id": "3fdd4b12-0a04-45d9-b6ea-96399eba6048", "timestamp": "2026-04-08T22:29:44Z", "type": "SYNC_PUBLICATION"}
broker        | [BROKER][SEND][js_server_2] {"origin": "broker", "original_request_id": "6f0b2630-215b-4408-8208-c140b2ecf20b", "publication": {"channel": "backend", "client_timestamp": "2026-04-08T22:29:44Z", "message": "Atualização do canal backend enviada por bob_py", "origin": "py_client_2", "publication_id": "6f0b2630-215b-4408-8208-c140b2ecf20b", "server_id": "py_server_2", "timestamp": "2026-04-08T22:29:44Z", "type": "CHANNEL_MESSAGE", "username": "bob_py"}, "request_id": "3fdd4b12-0a04-45d9-b6ea-96399eba6048", "timestamp": "2026-04-08T22:29:44Z", "type": "SYNC_PUBLICATION"}
broker        | [BROKER][SEND][py_server_1] {"origin": "broker", "original_request_id": "6f0b2630-215b-4408-8208-c140b2ecf20b", "publication": {"channel": "backend", "client_timestamp": "2026-04-08T22:29:44Z", "message": "Atualização do canal backend enviada por bob_py", "origin": "py_client_2", "publication_id": "6f0b2630-215b-4408-8208-c140b2ecf20b", "server_id": "py_server_2", "timestamp": "2026-04-08T22:29:44Z", "type": "CHANNEL_MESSAGE", "username": "bob_py"}, "request_id": "3fdd4b12-0a04-45d9-b6ea-96399eba6048", "timestamp": "2026-04-08T22:29:44Z", "type": "SYNC_PUBLICATION"}
py_client_1   | [py_client_1][PUBSUB_RECV] {"channel": "backend", "message": "Atualização do canal backend enviada por bob_py", "publication_id": "6f0b2630-215b-4408-8208-c140b2ecf20b", "received_timestamp": "2026-04-08T22:29:44Z", "sent_timestamp": "2026-04-08T22:29:44Z", "server_id": "py_server_2", "username": "bob_py"}
js_server_1   | [js_server_1][RECV] {"type":"SYNC_PUBLICATION","request_id":"3fdd4b12-0a04-45d9-b6ea-96399eba6048","timestamp":"2026-04-08T22:29:44Z","origin":"broker","publication":{"type":"CHANNEL_MESSAGE","publication_id":"6f0b2630-215b-4408-8208-c140b2ecf20b","channel":"backend","message":"Atualização do canal backend enviada por bob_py","username":"bob_py","origin":"py_client_2","timestamp":"2026-04-08T22:29:44Z","client_timestamp":"2026-04-08T22:29:44Z","server_id":"py_server_2"},"original_request_id":"6f0b2630-215b-4408-8208-c140b2ecf20b"}
js_server_2   | [js_server_2][RECV] {"type":"SYNC_PUBLICATION","request_id":"3fdd4b12-0a04-45d9-b6ea-96399eba6048","timestamp":"2026-04-08T22:29:44Z","origin":"broker","publication":{"type":"CHANNEL_MESSAGE","publication_id":"6f0b2630-215b-4408-8208-c140b2ecf20b","channel":"backend","message":"Atualização do canal backend enviada por bob_py","username":"bob_py","origin":"py_client_2","timestamp":"2026-04-08T22:29:44Z","client_timestamp":"2026-04-08T22:29:44Z","server_id":"py_server_2"},"original_request_id":"6f0b2630-215b-4408-8208-c140b2ecf20b"}
py_server_1   | [py_server_1][RECV] {"origin": "broker", "original_request_id": "6f0b2630-215b-4408-8208-c140b2ecf20b", "publication": {"channel": "backend", "client_timestamp": "2026-04-08T22:29:44Z", "message": "Atualização do canal backend enviada por bob_py", "origin": "py_client_2", "publication_id": "6f0b2630-215b-4408-8208-c140b2ecf20b", "server_id": "py_server_2", "timestamp": "2026-04-08T22:29:44Z", "type": "CHANNEL_MESSAGE", "username": "bob_py"}, "request_id": "3fdd4b12-0a04-45d9-b6ea-96399eba6048", "timestamp": "2026-04-08T22:29:44Z", "type": "SYNC_PUBLICATION"}
js_server_2   | [js_server_2][SEND] {"type":"SERVER_RESULT","request_id":"3fdd4b12-0a04-45d9-b6ea-96399eba6048","timestamp":"2026-04-08T22:29:44.448Z","status":"OK","server_id":"js_server_2","request_type":"SYNC_PUBLICATION","publication_id":"6f0b2630-215b-4408-8208-c140b2ecf20b"}
js_server_1   | [js_server_1][SEND] {"type":"SERVER_RESULT","request_id":"3fdd4b12-0a04-45d9-b6ea-96399eba6048","timestamp":"2026-04-08T22:29:44.449Z","status":"OK","server_id":"js_server_1","request_type":"SYNC_PUBLICATION","publication_id":"6f0b2630-215b-4408-8208-c140b2ecf20b"}
broker        | [BROKER][RECV][js_server_2] {"publication_id": "6f0b2630-215b-4408-8208-c140b2ecf20b", "request_id": "3fdd4b12-0a04-45d9-b6ea-96399eba6048", "request_type": "SYNC_PUBLICATION", "server_id": "js_server_2", "status": "OK", "timestamp": "2026-04-08T22:29:44.448Z", "type": "SERVER_RESULT"}
broker        | [BROKER][RECV][js_server_1] {"publication_id": "6f0b2630-215b-4408-8208-c140b2ecf20b", "request_id": "3fdd4b12-0a04-45d9-b6ea-96399eba6048", "request_type": "SYNC_PUBLICATION", "server_id": "js_server_1", "status": "OK", "timestamp": "2026-04-08T22:29:44.449Z", "type": "SERVER_RESULT"}
py_server_1   | [py_server_1][SEND] {"publication_id": "6f0b2630-215b-4408-8208-c140b2ecf20b", "request_id": "3fdd4b12-0a04-45d9-b6ea-96399eba6048", "request_type": "SYNC_PUBLICATION", "server_id": "py_server_1", "status": "OK", "timestamp": "2026-04-08T22:29:44Z", "type": "SERVER_RESULT"}
broker        | [BROKER][RECV][py_server_1] {"publication_id": "6f0b2630-215b-4408-8208-c140b2ecf20b", "request_id": "3fdd4b12-0a04-45d9-b6ea-96399eba6048", "request_type": "SYNC_PUBLICATION", "server_id": "py_server_1", "status": "OK", "timestamp": "2026-04-08T22:29:44Z", "type": "SERVER_RESULT"}
broker        | [BROKER][SEND][ kEh] {"channel": "backend", "message": "Atualização do canal backend enviada por bob_py", "publication": {"channel": "backend", "client_timestamp": "2026-04-08T22:29:44Z", "message": "Atualização do canal backend enviada por bob_py", "origin": "py_client_2", "publication_id": "6f0b2630-215b-4408-8208-c140b2ecf20b", "server_id": "py_server_2", "timestamp": "2026-04-08T22:29:44Z", "type": "CHANNEL_MESSAGE", "username": "bob_py"}, "replicated_servers": ["js_server_1", "js_server_2", "py_server_1", "py_server_2"], "request_id": "6f0b2630-215b-4408-8208-c140b2ecf20b", "request_type": "PUBLISH_MESSAGE", "server_id": "py_server_2", "status": "OK", "timestamp": "2026-04-08T22:29:44Z", "type": "BROKER_REPLY"}
py_client_2   | [py_client_2][RECV] {"channel": "backend", "message": "Atualização do canal backend enviada por bob_py", "publication": {"channel": "backend", "client_timestamp": "2026-04-08T22:29:44Z", "message": "Atualização do canal backend enviada por bob_py", "origin": "py_client_2", "publication_id": "6f0b2630-215b-4408-8208-c140b2ecf20b", "server_id": "py_server_2", "timestamp": "2026-04-08T22:29:44Z", "type": "CHANNEL_MESSAGE", "username": "bob_py"}, "replicated_servers": ["js_server_1", "js_server_2", "py_server_1", "py_server_2"], "request_id": "6f0b2630-215b-4408-8208-c140b2ecf20b", "request_type": "PUBLISH_MESSAGE", "server_id": "py_server_2", "status": "OK", "timestamp": "2026-04-08T22:29:44Z", "type": "BROKER_REPLY"}
py_client_1   | [py_client_1][SEND] {"channel": "analytics", "message": "Bot alice_py reportando atividade distribuída em analytics", "origin": "py_client_1", "request_id": "b619be89-8aae-4161-838e-2dc56cd80b6e", "timestamp": "2026-04-08T22:29:44Z", "type": "PUBLISH_MESSAGE", "username": "alice_py"}
broker        | [BROKER][RECV][ kEg] {"channel": "analytics", "message": "Bot alice_py reportando atividade distribuída em analytics", "origin": "py_client_1", "request_id": "b619be89-8aae-4161-838e-2dc56cd80b6e", "timestamp": "2026-04-08T22:29:44Z", "type": "PUBLISH_MESSAGE", "username": "alice_py"}
broker        | [BROKER][SEND][js_server_1] {"channel": "analytics", "message": "Bot alice_py reportando atividade distribuída em analytics", "origin": "py_client_1", "request_id": "b619be89-8aae-4161-838e-2dc56cd80b6e", "timestamp": "2026-04-08T22:29:44Z", "type": "PUBLISH_MESSAGE", "username": "alice_py"}
js_server_1   | [js_server_1][RECV] {"type":"PUBLISH_MESSAGE","request_id":"b619be89-8aae-4161-838e-2dc56cd80b6e","timestamp":"2026-04-08T22:29:44Z","origin":"py_client_1","username":"alice_py","channel":"analytics","message":"Bot alice_py reportando atividade distribuída em analytics"}
js_server_1   | [js_server_1][PUB] {"type":"CHANNEL_MESSAGE","publication_id":"b619be89-8aae-4161-838e-2dc56cd80b6e","channel":"analytics","message":"Bot alice_py reportando atividade distribuída em analytics","username":"alice_py","origin":"py_client_1","timestamp":"2026-04-08T22:29:44.662Z","client_timestamp":"2026-04-08T22:29:44Z","server_id":"js_server_1"}
js_server_1   | [js_server_1][SEND] {"type":"SERVER_RESULT","request_id":"b619be89-8aae-4161-838e-2dc56cd80b6e","timestamp":"2026-04-08T22:29:44.662Z","status":"OK","server_id":"js_server_1","request_type":"PUBLISH_MESSAGE","channel":"analytics","message":"Bot alice_py reportando atividade distribuída em analytics","publication":{"type":"CHANNEL_MESSAGE","publication_id":"b619be89-8aae-4161-838e-2dc56cd80b6e","channel":"analytics","message":"Bot alice_py reportando atividade distribuída em analytics","username":"alice_py","origin":"py_client_1","timestamp":"2026-04-08T22:29:44.662Z","client_timestamp":"2026-04-08T22:29:44Z","server_id":"js_server_1"}}
js_client_2   | [js_client_2][PUBSUB_RECV] {"channel":"analytics","message":"Bot alice_py reportando atividade distribuída em analytics","sent_timestamp":"2026-04-08T22:29:44.662Z","received_timestamp":"2026-04-08T22:29:44.663Z","username":"alice_py","server_id":"js_server_1","publication_id":"b619be89-8aae-4161-838e-2dc56cd80b6e"}
broker        | [BROKER][RECV][js_server_1] {"channel": "analytics", "message": "Bot alice_py reportando atividade distribuída em analytics", "publication": {"channel": "analytics", "client_timestamp": "2026-04-08T22:29:44Z", "message": "Bot alice_py reportando atividade distribuída em analytics", "origin": "py_client_1", "publication_id": "b619be89-8aae-4161-838e-2dc56cd80b6e", "server_id": "js_server_1", "timestamp": "2026-04-08T22:29:44.662Z", "type": "CHANNEL_MESSAGE", "username": "alice_py"}, "request_id": "b619be89-8aae-4161-838e-2dc56cd80b6e", "request_type": "PUBLISH_MESSAGE", "server_id": "js_server_1", "status": "OK", "timestamp": "2026-04-08T22:29:44.662Z", "type": "SERVER_RESULT"}
broker        | [BROKER][SEND][js_server_2] {"origin": "broker", "original_request_id": "b619be89-8aae-4161-838e-2dc56cd80b6e", "publication": {"channel": "analytics", "client_timestamp": "2026-04-08T22:29:44Z", "message": "Bot alice_py reportando atividade distribuída em analytics", "origin": "py_client_1", "publication_id": "b619be89-8aae-4161-838e-2dc56cd80b6e", "server_id": "js_server_1", "timestamp": "2026-04-08T22:29:44.662Z", "type": "CHANNEL_MESSAGE", "username": "alice_py"}, "request_id": "7726a4cf-0e12-46b1-b665-f985f1471724", "timestamp": "2026-04-08T22:29:44Z", "type": "SYNC_PUBLICATION"}
broker        | [BROKER][SEND][py_server_1] {"origin": "broker", "original_request_id": "b619be89-8aae-4161-838e-2dc56cd80b6e", "publication": {"channel": "analytics", "client_timestamp": "2026-04-08T22:29:44Z", "message": "Bot alice_py reportando atividade distribuída em analytics", "origin": "py_client_1", "publication_id": "b619be89-8aae-4161-838e-2dc56cd80b6e", "server_id": "js_server_1", "timestamp": "2026-04-08T22:29:44.662Z", "type": "CHANNEL_MESSAGE", "username": "alice_py"}, "request_id": "7726a4cf-0e12-46b1-b665-f985f1471724", "timestamp": "2026-04-08T22:29:44Z", "type": "SYNC_PUBLICATION"}
broker        | [BROKER][SEND][py_server_2] {"origin": "broker", "original_request_id": "b619be89-8aae-4161-838e-2dc56cd80b6e", "publication": {"channel": "analytics", "client_timestamp": "2026-04-08T22:29:44Z", "message": "Bot alice_py reportando atividade distribuída em analytics", "origin": "py_client_1", "publication_id": "b619be89-8aae-4161-838e-2dc56cd80b6e", "server_id": "js_server_1", "timestamp": "2026-04-08T22:29:44.662Z", "type": "CHANNEL_MESSAGE", "username": "alice_py"}, "request_id": "7726a4cf-0e12-46b1-b665-f985f1471724", "timestamp": "2026-04-08T22:29:44Z", "type": "SYNC_PUBLICATION"}
py_server_1   | [py_server_1][RECV] {"origin": "broker", "original_request_id": "b619be89-8aae-4161-838e-2dc56cd80b6e", "publication": {"channel": "analytics", "client_timestamp": "2026-04-08T22:29:44Z", "message": "Bot alice_py reportando atividade distribuída em analytics", "origin": "py_client_1", "publication_id": "b619be89-8aae-4161-838e-2dc56cd80b6e", "server_id": "js_server_1", "timestamp": "2026-04-08T22:29:44.662Z", "type": "CHANNEL_MESSAGE", "username": "alice_py"}, "request_id": "7726a4cf-0e12-46b1-b665-f985f1471724", "timestamp": "2026-04-08T22:29:44Z", "type": "SYNC_PUBLICATION"}
js_server_2   | [js_server_2][RECV] {"type":"SYNC_PUBLICATION","request_id":"7726a4cf-0e12-46b1-b665-f985f1471724","timestamp":"2026-04-08T22:29:44Z","origin":"broker","publication":{"type":"CHANNEL_MESSAGE","publication_id":"b619be89-8aae-4161-838e-2dc56cd80b6e","channel":"analytics","message":"Bot alice_py reportando atividade distribuída em analytics","username":"alice_py","origin":"py_client_1","timestamp":"2026-04-08T22:29:44.662Z","client_timestamp":"2026-04-08T22:29:44Z","server_id":"js_server_1"},"original_request_id":"b619be89-8aae-4161-838e-2dc56cd80b6e"}
js_server_2   | [js_server_2][SEND] {"type":"SERVER_RESULT","request_id":"7726a4cf-0e12-46b1-b665-f985f1471724","timestamp":"2026-04-08T22:29:44.665Z","status":"OK","server_id":"js_server_2","request_type":"SYNC_PUBLICATION","publication_id":"b619be89-8aae-4161-838e-2dc56cd80b6e"}
py_server_2   | [py_server_2][RECV] {"origin": "broker", "original_request_id": "b619be89-8aae-4161-838e-2dc56cd80b6e", "publication": {"channel": "analytics", "client_timestamp": "2026-04-08T22:29:44Z", "message": "Bot alice_py reportando atividade distribuída em analytics", "origin": "py_client_1", "publication_id": "b619be89-8aae-4161-838e-2dc56cd80b6e", "server_id": "js_server_1", "timestamp": "2026-04-08T22:29:44.662Z", "type": "CHANNEL_MESSAGE", "username": "alice_py"}, "request_id": "7726a4cf-0e12-46b1-b665-f985f1471724", "timestamp": "2026-04-08T22:29:44Z", "type": "SYNC_PUBLICATION"}
broker        | [BROKER][RECV][js_server_2] {"publication_id": "b619be89-8aae-4161-838e-2dc56cd80b6e", "request_id": "7726a4cf-0e12-46b1-b665-f985f1471724", "request_type": "SYNC_PUBLICATION", "server_id": "js_server_2", "status": "OK", "timestamp": "2026-04-08T22:29:44.665Z", "type": "SERVER_RESULT"}
py_server_1   | [py_server_1][SEND] {"publication_id": "b619be89-8aae-4161-838e-2dc56cd80b6e", "request_id": "7726a4cf-0e12-46b1-b665-f985f1471724", "request_type": "SYNC_PUBLICATION", "server_id": "py_server_1", "status": "OK", "timestamp": "2026-04-08T22:29:44Z", "type": "SERVER_RESULT"}
broker        | [BROKER][RECV][py_server_1] {"publication_id": "b619be89-8aae-4161-838e-2dc56cd80b6e", "request_id": "7726a4cf-0e12-46b1-b665-f985f1471724", "request_type": "SYNC_PUBLICATION", "server_id": "py_server_1", "status": "OK", "timestamp": "2026-04-08T22:29:44Z", "type": "SERVER_RESULT"}
py_server_2   | [py_server_2][SEND] {"publication_id": "b619be89-8aae-4161-838e-2dc56cd80b6e", "request_id": "7726a4cf-0e12-46b1-b665-f985f1471724", "request_type": "SYNC_PUBLICATION", "server_id": "py_server_2", "status": "OK", "timestamp": "2026-04-08T22:29:44Z", "type": "SERVER_RESULT"}
broker        | [BROKER][RECV][py_server_2] {"publication_id": "b619be89-8aae-4161-838e-2dc56cd80b6e", "request_id": "7726a4cf-0e12-46b1-b665-f985f1471724", "request_type": "SYNC_PUBLICATION", "server_id": "py_server_2", "status": "OK", "timestamp": "2026-04-08T22:29:44Z", "type": "SERVER_RESULT"}
broker        | [BROKER][SEND][ kEg] {"channel": "analytics", "message": "Bot alice_py reportando atividade distribuída em analytics", "publication": {"channel": "analytics", "client_timestamp": "2026-04-08T22:29:44Z", "message": "Bot alice_py reportando atividade distribuída em analytics", "origin": "py_client_1", "publication_id": "b619be89-8aae-4161-838e-2dc56cd80b6e", "server_id": "js_server_1", "timestamp": "2026-04-08T22:29:44.662Z", "type": "CHANNEL_MESSAGE", "username": "alice_py"}, "replicated_servers": ["js_server_1", "js_server_2", "py_server_1", "py_server_2"], "request_id": "b619be89-8aae-4161-838e-2dc56cd80b6e", "request_type": "PUBLISH_MESSAGE", "server_id": "js_server_1", "status": "OK", "timestamp": "2026-04-08T22:29:44Z", "type": "BROKER_REPLY"}
py_client_1   | [py_client_1][RECV] {"channel": "analytics", "message": "Bot alice_py reportando atividade distribuída em analytics", "publication": {"channel": "analytics", "client_timestamp": "2026-04-08T22:29:44Z", "message": "Bot alice_py reportando atividade distribuída em analytics", "origin": "py_client_1", "publication_id": "b619be89-8aae-4161-838e-2dc56cd80b6e", "server_id": "js_server_1", "timestamp": "2026-04-08T22:29:44.662Z", "type": "CHANNEL_MESSAGE", "username": "alice_py"}, "replicated_servers": ["js_server_1", "js_server_2", "py_server_1", "py_server_2"], "request_id": "b619be89-8aae-4161-838e-2dc56cd80b6e", "request_type": "PUBLISH_MESSAGE", "server_id": "js_server_1", "status": "OK", "timestamp": "2026-04-08T22:29:44Z", "type": "BROKER_REPLY"}
js_client_1   | [js_client_1][SEND] {"type":"PUBLISH_MESSAGE","request_id":"a5fc2c18-b0f5-4857-9239-6fd7ff6f1d26","timestamp":"2026-04-08T22:29:45.108Z","origin":"js_client_1","username":"carol_js","channel":"geral","message":"Mensagem automática #9 no canal geral"}
broker        | [BROKER][RECV][ kEi] {"channel": "geral", "message": "Mensagem automática #9 no canal geral", "origin": "js_client_1", "request_id": "a5fc2c18-b0f5-4857-9239-6fd7ff6f1d26", "timestamp": "2026-04-08T22:29:45.108Z", "type": "PUBLISH_MESSAGE", "username": "carol_js"}
broker        | [BROKER][SEND][js_server_2] {"channel": "geral", "message": "Mensagem automática #9 no canal geral", "origin": "js_client_1", "request_id": "a5fc2c18-b0f5-4857-9239-6fd7ff6f1d26", "timestamp": "2026-04-08T22:29:45.108Z", "type": "PUBLISH_MESSAGE", "username": "carol_js"}
js_server_2   | [js_server_2][RECV] {"type":"PUBLISH_MESSAGE","request_id":"a5fc2c18-b0f5-4857-9239-6fd7ff6f1d26","timestamp":"2026-04-08T22:29:45.108Z","origin":"js_client_1","username":"carol_js","channel":"geral","message":"Mensagem automática #9 no canal geral"}
js_server_2   | [js_server_2][PUB] {"type":"CHANNEL_MESSAGE","publication_id":"a5fc2c18-b0f5-4857-9239-6fd7ff6f1d26","channel":"geral","message":"Mensagem automática #9 no canal geral","username":"carol_js","origin":"js_client_1","timestamp":"2026-04-08T22:29:45.110Z","client_timestamp":"2026-04-08T22:29:45.108Z","server_id":"js_server_2"}
js_server_2   | [js_server_2][SEND] {"type":"SERVER_RESULT","request_id":"a5fc2c18-b0f5-4857-9239-6fd7ff6f1d26","timestamp":"2026-04-08T22:29:45.111Z","status":"OK","server_id":"js_server_2","request_type":"PUBLISH_MESSAGE","channel":"geral","message":"Mensagem automática #9 no canal geral","publication":{"type":"CHANNEL_MESSAGE","publication_id":"a5fc2c18-b0f5-4857-9239-6fd7ff6f1d26","channel":"geral","message":"Mensagem automática #9 no canal geral","username":"carol_js","origin":"js_client_1","timestamp":"2026-04-08T22:29:45.110Z","client_timestamp":"2026-04-08T22:29:45.108Z","server_id":"js_server_2"}}
broker        | [BROKER][RECV][js_server_2] {"channel": "geral", "message": "Mensagem automática #9 no canal geral", "publication": {"channel": "geral", "client_timestamp": "2026-04-08T22:29:45.108Z", "message": "Mensagem automática #9 no canal geral", "origin": "js_client_1", "publication_id": "a5fc2c18-b0f5-4857-9239-6fd7ff6f1d26", "server_id": "js_server_2", "timestamp": "2026-04-08T22:29:45.110Z", "type": "CHANNEL_MESSAGE", "username": "carol_js"}, "request_id": "a5fc2c18-b0f5-4857-9239-6fd7ff6f1d26", "request_type": "PUBLISH_MESSAGE", "server_id": "js_server_2", "status": "OK", "timestamp": "2026-04-08T22:29:45.111Z", "type": "SERVER_RESULT"}
broker        | [BROKER][SEND][js_server_1] {"origin": "broker", "original_request_id": "a5fc2c18-b0f5-4857-9239-6fd7ff6f1d26", "publication": {"channel": "geral", "client_timestamp": "2026-04-08T22:29:45.108Z", "message": "Mensagem automática #9 no canal geral", "origin": "js_client_1", "publication_id": "a5fc2c18-b0f5-4857-9239-6fd7ff6f1d26", "server_id": "js_server_2", "timestamp": "2026-04-08T22:29:45.110Z", "type": "CHANNEL_MESSAGE", "username": "carol_js"}, "request_id": "25e38592-f01e-46ef-bb3c-d223cded9e75", "timestamp": "2026-04-08T22:29:45Z", "type": "SYNC_PUBLICATION"}
broker        | [BROKER][SEND][py_server_1] {"origin": "broker", "original_request_id": "a5fc2c18-b0f5-4857-9239-6fd7ff6f1d26", "publication": {"channel": "geral", "client_timestamp": "2026-04-08T22:29:45.108Z", "message": "Mensagem automática #9 no canal geral", "origin": "js_client_1", "publication_id": "a5fc2c18-b0f5-4857-9239-6fd7ff6f1d26", "server_id": "js_server_2", "timestamp": "2026-04-08T22:29:45.110Z", "type": "CHANNEL_MESSAGE", "username": "carol_js"}, "request_id": "25e38592-f01e-46ef-bb3c-d223cded9e75", "timestamp": "2026-04-08T22:29:45Z", "type": "SYNC_PUBLICATION"}
py_client_1   | [py_client_1][PUBSUB_RECV] {"channel": "geral", "message": "Mensagem automática #9 no canal geral", "publication_id": "a5fc2c18-b0f5-4857-9239-6fd7ff6f1d26", "received_timestamp": "2026-04-08T22:29:45Z", "sent_timestamp": "2026-04-08T22:29:45.110Z", "server_id": "js_server_2", "username": "carol_js"}
broker        | [BROKER][SEND][py_server_2] {"origin": "broker", "original_request_id": "a5fc2c18-b0f5-4857-9239-6fd7ff6f1d26", "publication": {"channel": "geral", "client_timestamp": "2026-04-08T22:29:45.108Z", "message": "Mensagem automática #9 no canal geral", "origin": "js_client_1", "publication_id": "a5fc2c18-b0f5-4857-9239-6fd7ff6f1d26", "server_id": "js_server_2", "timestamp": "2026-04-08T22:29:45.110Z", "type": "CHANNEL_MESSAGE", "username": "carol_js"}, "request_id": "25e38592-f01e-46ef-bb3c-d223cded9e75", "timestamp": "2026-04-08T22:29:45Z", "type": "SYNC_PUBLICATION"}
js_server_1   | [js_server_1][RECV] {"type":"SYNC_PUBLICATION","request_id":"25e38592-f01e-46ef-bb3c-d223cded9e75","timestamp":"2026-04-08T22:29:45Z","origin":"broker","publication":{"type":"CHANNEL_MESSAGE","publication_id":"a5fc2c18-b0f5-4857-9239-6fd7ff6f1d26","channel":"geral","message":"Mensagem automática #9 no canal geral","username":"carol_js","origin":"js_client_1","timestamp":"2026-04-08T22:29:45.110Z","client_timestamp":"2026-04-08T22:29:45.108Z","server_id":"js_server_2"},"original_request_id":"a5fc2c18-b0f5-4857-9239-6fd7ff6f1d26"}
py_server_1   | [py_server_1][RECV] {"origin": "broker", "original_request_id": "a5fc2c18-b0f5-4857-9239-6fd7ff6f1d26", "publication": {"channel": "geral", "client_timestamp": "2026-04-08T22:29:45.108Z", "message": "Mensagem automática #9 no canal geral", "origin": "js_client_1", "publication_id": "a5fc2c18-b0f5-4857-9239-6fd7ff6f1d26", "server_id": "js_server_2", "timestamp": "2026-04-08T22:29:45.110Z", "type": "CHANNEL_MESSAGE", "username": "carol_js"}, "request_id": "25e38592-f01e-46ef-bb3c-d223cded9e75", "timestamp": "2026-04-08T22:29:45Z", "type": "SYNC_PUBLICATION"}
js_client_2   | [js_client_2][SEND] {"type":"PUBLISH_MESSAGE","request_id":"29fe8b89-701b-4bb1-9292-64fd27a6cd8c","timestamp":"2026-04-08T22:29:45.116Z","origin":"js_client_2","username":"dave_js","channel":"devops","message":"Bot dave_js reportando atividade distribuída em devops"}
py_server_2   | [py_server_2][RECV] {"origin": "broker", "original_request_id": "a5fc2c18-b0f5-4857-9239-6fd7ff6f1d26", "publication": {"channel": "geral", "client_timestamp": "2026-04-08T22:29:45.108Z", "message": "Mensagem automática #9 no canal geral", "origin": "js_client_1", "publication_id": "a5fc2c18-b0f5-4857-9239-6fd7ff6f1d26", "server_id": "js_server_2", "timestamp": "2026-04-08T22:29:45.110Z", "type": "CHANNEL_MESSAGE", "username": "carol_js"}, "request_id": "25e38592-f01e-46ef-bb3c-d223cded9e75", "timestamp": "2026-04-08T22:29:45Z", "type": "SYNC_PUBLICATION"}
js_server_1   | [js_server_1][SEND] {"type":"SERVER_RESULT","request_id":"25e38592-f01e-46ef-bb3c-d223cded9e75","timestamp":"2026-04-08T22:29:45.116Z","status":"OK","server_id":"js_server_1","request_type":"SYNC_PUBLICATION","publication_id":"a5fc2c18-b0f5-4857-9239-6fd7ff6f1d26"}
js_client_1   | [js_client_1][PUBSUB_RECV] {"channel":"geral","message":"Mensagem automática #9 no canal geral","sent_timestamp":"2026-04-08T22:29:45.110Z","received_timestamp":"2026-04-08T22:29:45.117Z","username":"carol_js","server_id":"js_server_2","publication_id":"a5fc2c18-b0f5-4857-9239-6fd7ff6f1d26"}
broker        | [BROKER][RECV][js_server_1] {"publication_id": "a5fc2c18-b0f5-4857-9239-6fd7ff6f1d26", "request_id": "25e38592-f01e-46ef-bb3c-d223cded9e75", "request_type": "SYNC_PUBLICATION", "server_id": "js_server_1", "status": "OK", "timestamp": "2026-04-08T22:29:45.116Z", "type": "SERVER_RESULT"}
py_server_2   | [py_server_2][SEND] {"publication_id": "a5fc2c18-b0f5-4857-9239-6fd7ff6f1d26", "request_id": "25e38592-f01e-46ef-bb3c-d223cded9e75", "request_type": "SYNC_PUBLICATION", "server_id": "py_server_2", "status": "OK", "timestamp": "2026-04-08T22:29:45Z", "type": "SERVER_RESULT"}
broker        | [BROKER][RECV][py_server_2] {"publication_id": "a5fc2c18-b0f5-4857-9239-6fd7ff6f1d26", "request_id": "25e38592-f01e-46ef-bb3c-d223cded9e75", "request_type": "SYNC_PUBLICATION", "server_id": "py_server_2", "status": "OK", "timestamp": "2026-04-08T22:29:45Z", "type": "SERVER_RESULT"}
py_server_1   | [py_server_1][SEND] {"publication_id": "a5fc2c18-b0f5-4857-9239-6fd7ff6f1d26", "request_id": "25e38592-f01e-46ef-bb3c-d223cded9e75", "request_type": "SYNC_PUBLICATION", "server_id": "py_server_1", "status": "OK", "timestamp": "2026-04-08T22:29:45Z", "type": "SERVER_RESULT"}
broker        | [BROKER][RECV][py_server_1] {"publication_id": "a5fc2c18-b0f5-4857-9239-6fd7ff6f1d26", "request_id": "25e38592-f01e-46ef-bb3c-d223cded9e75", "request_type": "SYNC_PUBLICATION", "server_id": "py_server_1", "status": "OK", "timestamp": "2026-04-08T22:29:45Z", "type": "SERVER_RESULT"}
broker        | [BROKER][SEND][ kEi] {"channel": "geral", "message": "Mensagem automática #9 no canal geral", "publication": {"channel": "geral", "client_timestamp": "2026-04-08T22:29:45.108Z", "message": "Mensagem automática #9 no canal geral", "origin": "js_client_1", "publication_id": "a5fc2c18-b0f5-4857-9239-6fd7ff6f1d26", "server_id": "js_server_2", "timestamp": "2026-04-08T22:29:45.110Z", "type": "CHANNEL_MESSAGE", "username": "carol_js"}, "replicated_servers": ["js_server_1", "js_server_2", "py_server_1", "py_server_2"], "request_id": "a5fc2c18-b0f5-4857-9239-6fd7ff6f1d26", "request_type": "PUBLISH_MESSAGE", "server_id": "js_server_2", "status": "OK", "timestamp": "2026-04-08T22:29:45Z", "type": "BROKER_REPLY"}
js_client_1   | [js_client_1][RECV] {"type":"BROKER_REPLY","request_id":"a5fc2c18-b0f5-4857-9239-6fd7ff6f1d26","timestamp":"2026-04-08T22:29:45Z","status":"OK","request_type":"PUBLISH_MESSAGE","channel":"geral","message":"Mensagem automática #9 no canal geral","server_id":"js_server_2","publication":{"type":"CHANNEL_MESSAGE","publication_id":"a5fc2c18-b0f5-4857-9239-6fd7ff6f1d26","channel":"geral","message":"Mensagem automática #9 no canal geral","username":"carol_js","origin":"js_client_1","timestamp":"2026-04-08T22:29:45.110Z","client_timestamp":"2026-04-08T22:29:45.108Z","server_id":"js_server_2"},"replicated_servers":["js_server_1","js_server_2","py_server_1","py_server_2"]}
broker        | [BROKER][RECV][ kEj] {"channel": "devops", "message": "Bot dave_js reportando atividade distribuída em devops", "origin": "js_client_2", "request_id": "29fe8b89-701b-4bb1-9292-64fd27a6cd8c", "timestamp": "2026-04-08T22:29:45.116Z", "type": "PUBLISH_MESSAGE", "username": "dave_js"}
broker        | [BROKER][SEND][py_server_1] {"channel": "devops", "message": "Bot dave_js reportando atividade distribuída em devops", "origin": "js_client_2", "request_id": "29fe8b89-701b-4bb1-9292-64fd27a6cd8c", "timestamp": "2026-04-08T22:29:45.116Z", "type": "PUBLISH_MESSAGE", "username": "dave_js"}
py_server_1   | [py_server_1][RECV] {"channel": "devops", "message": "Bot dave_js reportando atividade distribuída em devops", "origin": "js_client_2", "request_id": "29fe8b89-701b-4bb1-9292-64fd27a6cd8c", "timestamp": "2026-04-08T22:29:45.116Z", "type": "PUBLISH_MESSAGE", "username": "dave_js"}
py_server_1   | [py_server_1][PUB] {"channel": "devops", "client_timestamp": "2026-04-08T22:29:45.116Z", "message": "Bot dave_js reportando atividade distribuída em devops", "origin": "js_client_2", "publication_id": "29fe8b89-701b-4bb1-9292-64fd27a6cd8c", "server_id": "py_server_1", "timestamp": "2026-04-08T22:29:45Z", "type": "CHANNEL_MESSAGE", "username": "dave_js"}
py_server_1   | [py_server_1][SEND] {"channel": "devops", "message": "Bot dave_js reportando atividade distribuída em devops", "publication": {"channel": "devops", "client_timestamp": "2026-04-08T22:29:45.116Z", "message": "Bot dave_js reportando atividade distribuída em devops", "origin": "js_client_2", "publication_id": "29fe8b89-701b-4bb1-9292-64fd27a6cd8c", "server_id": "py_server_1", "timestamp": "2026-04-08T22:29:45Z", "type": "CHANNEL_MESSAGE", "username": "dave_js"}, "request_id": "29fe8b89-701b-4bb1-9292-64fd27a6cd8c", "request_type": "PUBLISH_MESSAGE", "server_id": "py_server_1", "status": "OK", "timestamp": "2026-04-08T22:29:45Z", "type": "SERVER_RESULT"}
broker        | [BROKER][RECV][py_server_1] {"channel": "devops", "message": "Bot dave_js reportando atividade distribuída em devops", "publication": {"channel": "devops", "client_timestamp": "2026-04-08T22:29:45.116Z", "message": "Bot dave_js reportando atividade distribuída em devops", "origin": "js_client_2", "publication_id": "29fe8b89-701b-4bb1-9292-64fd27a6cd8c", "server_id": "py_server_1", "timestamp": "2026-04-08T22:29:45Z", "type": "CHANNEL_MESSAGE", "username": "dave_js"}, "request_id": "29fe8b89-701b-4bb1-9292-64fd27a6cd8c", "request_type": "PUBLISH_MESSAGE", "server_id": "py_server_1", "status": "OK", "timestamp": "2026-04-08T22:29:45Z", "type": "SERVER_RESULT"}
